Archive member included because of file (symbol)

/home/vwii/devkitPro/libogc/lib/wii/libogc.a(console.o)
                              main.o (CON_Init)
/home/vwii/devkitPro/libogc/lib/wii/libogc.a(video.o)
                              /home/vwii/devkitPro/libogc/lib/wii/libogc.a(console.o) (VIDEO_GetCurrentFramebuffer)
/home/vwii/devkitPro/libogc/lib/wii/libogc.a(cache_asm.o)
                              main.o (DCInvalidateRange)
/home/vwii/devkitPro/libogc/lib/wii/libogc.a(system.o)
                              /home/vwii/devkitPro/devkitPPC/bin/../lib/gcc/powerpc-eabi/4.6.3/../../../../powerpc-eabi/lib/crtmain.o (SYS_PreMain)
/home/vwii/devkitPro/libogc/lib/wii/libogc.a(cond.o)
                              /home/vwii/devkitPro/libogc/lib/wii/libogc.a(system.o) (__lwp_cond_init)
/home/vwii/devkitPro/libogc/lib/wii/libogc.a(decrementer.o)
                              /home/vwii/devkitPro/libogc/lib/wii/libogc.a(system.o) (__decrementer_init)
/home/vwii/devkitPro/libogc/lib/wii/libogc.a(message.o)
                              /home/vwii/devkitPro/libogc/lib/wii/libogc.a(system.o) (__lwp_mqbox_init)
/home/vwii/devkitPro/libogc/lib/wii/libogc.a(si.o)
                              /home/vwii/devkitPro/libogc/lib/wii/libogc.a(video.o) (SI_RefreshSamplingRate)
/home/vwii/devkitPro/libogc/lib/wii/libogc.a(ipc.o)
                              /home/vwii/devkitPro/libogc/lib/wii/libogc.a(system.o) (__IPC_ClntInit)
/home/vwii/devkitPro/libogc/lib/wii/libogc.a(ogc_crt0.o)
                              (_start)
/home/vwii/devkitPro/libogc/lib/wii/libogc.a(console_font_8x16.o)
                              /home/vwii/devkitPro/libogc/lib/wii/libogc.a(console.o) (console_font_8x16)
/home/vwii/devkitPro/libogc/lib/wii/libogc.a(timesupp.o)
                              /home/vwii/devkitPro/libogc/lib/wii/libogc.a(system.o) (gettick)
/home/vwii/devkitPro/libogc/lib/wii/libogc.a(lock_supp.o)
                              /home/vwii/devkitPro/libogc/lib/wii/libogc.a(system.o) (__libogc_lock_init)
/home/vwii/devkitPro/libogc/lib/wii/libogc.a(newlibc.o)
                              /home/vwii/devkitPro/libogc/lib/wii/libogc.a(system.o) (__libc_init)
/home/vwii/devkitPro/libogc/lib/wii/libogc.a(usbgecko.o)
                              /home/vwii/devkitPro/libogc/lib/wii/libogc.a(console.o) (usb_isgeckoalive)
/home/vwii/devkitPro/libogc/lib/wii/libogc.a(sbrk.o)
                              /home/vwii/devkitPro/libogc/lib/wii/libogc.a(system.o) (__libogc_sbrk_r)
/home/vwii/devkitPro/libogc/lib/wii/libogc.a(malloc_lock.o)
                              /home/vwii/devkitPro/libogc/lib/wii/libogc.a(system.o) (__memlock_init)
/home/vwii/devkitPro/libogc/lib/wii/libogc.a(stm.o)
                              /home/vwii/devkitPro/libogc/lib/wii/libogc.a(system.o) (STM_RegisterEventHandler)
/home/vwii/devkitPro/libogc/lib/wii/libogc.a(ios.o)
                              /home/vwii/devkitPro/libogc/lib/wii/libogc.a(system.o) (__IOS_InitializeSubsystems)
/home/vwii/devkitPro/libogc/lib/wii/libogc.a(es.o)
                              main.o (__ES_Init)
/home/vwii/devkitPro/libogc/lib/wii/libogc.a(isfs.o)
                              main.o (ISFS_Initialize)
/home/vwii/devkitPro/libogc/lib/wii/libogc.a(argv.o)
                              /home/vwii/devkitPro/libogc/lib/wii/libogc.a(ogc_crt0.o) (__CheckARGV)
/home/vwii/devkitPro/libogc/lib/wii/libogc.a(conf.o)
                              /home/vwii/devkitPro/libogc/lib/wii/libogc.a(system.o) (CONF_Init)
/home/vwii/devkitPro/libogc/lib/wii/libogc.a(wiilaunch.o)
                              /home/vwii/devkitPro/libogc/lib/wii/libogc.a(system.o) (WII_Initialize)
/home/vwii/devkitPro/libogc/lib/wii/libogc.a(lwp_priority.o)
                              /home/vwii/devkitPro/libogc/lib/wii/libogc.a(system.o) (__lwp_priority_init)
/home/vwii/devkitPro/libogc/lib/wii/libogc.a(lwp_threadq.o)
                              /home/vwii/devkitPro/libogc/lib/wii/libogc.a(cond.o) (__lwp_threadqueue_init)
/home/vwii/devkitPro/libogc/lib/wii/libogc.a(lwp_threads.o)
                              /home/vwii/devkitPro/libogc/lib/wii/libogc.a(system.o) (_thread_dispatch_disable_level)
/home/vwii/devkitPro/libogc/lib/wii/libogc.a(lwp_messages.o)
                              /home/vwii/devkitPro/libogc/lib/wii/libogc.a(message.o) (__lwpmq_initialize)
/home/vwii/devkitPro/libogc/lib/wii/libogc.a(lwp.o)
                              /home/vwii/devkitPro/libogc/lib/wii/libogc.a(system.o) (__lwp_sysinit)
/home/vwii/devkitPro/libogc/lib/wii/libogc.a(lwp_handler.o)
                              /home/vwii/devkitPro/libogc/lib/wii/libogc.a(lwp_threads.o) (_cpu_context_save_fp)
/home/vwii/devkitPro/libogc/lib/wii/libogc.a(lwp_stack.o)
                              /home/vwii/devkitPro/libogc/lib/wii/libogc.a(lwp_threads.o) (__lwp_stack_allocate)
/home/vwii/devkitPro/libogc/lib/wii/libogc.a(lwp_mutex.o)
[...]
Memory Configuration

Name             Origin             Length             Attributes
*default*        0x0000000000000000 0xffffffffffffffff

Linker script and memory map

                0x0000000000003400                . = 0x3400

.stub
 *(.stub)
                0x0000000080004000                . = 0x80004000

.init           0x0000000080004000      0x194
 *crt0.o(*.init)
 .init          0x0000000080004000      0x170 /home/vwii/devkitPro/libogc/lib/wii/libogc.a(ogc_crt0.o)
                0x0000000080004000                _start
                0x0000000080004140                _memset
 *(.init)
 .init          0x0000000080004170        0xc /home/vwii/devkitPro/devkitPPC/bin/../lib/gcc/powerpc-eabi/4.6.3/ecrti.o
                0x0000000080004170                __init
 .init          0x000000008000417c        0x4 /home/vwii/devkitPro/devkitPPC/bin/../lib/gcc/powerpc-eabi/4.6.3/crtbegin.o
 .init          0x0000000080004180        0x4 /home/vwii/devkitPro/devkitPPC/bin/../lib/gcc/powerpc-eabi/4.6.3/crtend.o
 .init          0x0000000080004184       0x10 /home/vwii/devkitPro/devkitPPC/bin/../lib/gcc/powerpc-eabi/4.6.3/ecrtn.o

.rela.dyn       0x0000000080004194        0x0
 .rela.iplt     0x0000000000000000        0x0 /home/vwii/devkitPro/devkitPPC/bin/../lib/gcc/powerpc-eabi/4.6.3/crtbegin.o

.plt
 *(.plt)

.interp
 *(.interp)

.hash
 *(.hash)

.dynsym
 *(.dynsym)

.dynstr
 *(.dynstr)

.gnu.version
 *(.gnu.version)

.gnu.version_d
 *(.gnu.version_d)

.gnu.version_r
 *(.gnu.version_r)

.rel.init
 *(.rel.init)

.rela.init      0x0000000080004194        0x0
 *(.rela.init)
 .rela.init     0x0000000000000000        0x0 /home/vwii/devkitPro/devkitPPC/bin/../lib/gcc/powerpc-eabi/4.6.3/crtbegin.o

.rel.text
 *(.rel.text .rel.text.* .rel.gnu.linkonce.t.*)

.rela.text      0x0000000080004194        0x0
 *(.rela.text .rela.text.* .rela.gnu.linkonce.t.*)
 .rela.text     0x0000000000000000        0x0 /home/vwii/devkitPro/devkitPPC/bin/../lib/gcc/powerpc-eabi/4.6.3/crtbegin.o
 .rela.text.__console_init
                0x0000000000000000        0x0 /home/vwii/devkitPro/devkitPPC/bin/../lib/gcc/powerpc-eabi/4.6.3/crtbegin.o
 .rela.text.__console_init_ex
                0x0000000000000000        0x0 /home/vwii/devkitPro/devkitPPC/bin/../lib/gcc/powerpc-eabi/4.6.3/crtbegin.o
 .rela.text.CON_EnableGecko
                0x0000000000000000        0x0 /home/vwii/devkitPro/devkitPPC/bin/../lib/gcc/powerpc-eabi/4.6.3/crtbegin.o
 .rela.text.__call_resetfuncs
                0x0000000000000000        0x0 /home/vwii/devkitPro/devkitPPC/bin/../lib/gcc/powerpc-eabi/4.6.3/crtbegin.o
 .rela.text.__locksram
                0x0000000000000000        0x0 /home/vwii/devkitPro/devkitPPC/bin/../lib/gcc/powerpc-eabi/4.6.3/crtbegin.o
 .rela.text.__lwp_wd_insert_ticks
                0x0000000000000000        0x0 /home/vwii/devkitPro/devkitPPC/bin/../lib/gcc/powerpc-eabi/4.6.3/crtbegin.o
 .rela.text.__unlocksram
                0x0000000000000000        0x0 /home/vwii/devkitPro/devkitPPC/bin/../lib/gcc/powerpc-eabi/4.6.3/crtbegin.o
 .rela.text.__sram_writecallback
                0x0000000000000000        0x0 /home/vwii/devkitPro/devkitPPC/bin/../lib/gcc/powerpc-eabi/4.6.3/crtbegin.o
 .rela.text.__sram_init
                0x0000000000000000        0x0 /home/vwii/devkitPro/devkitPPC/bin/../lib/gcc/powerpc-eabi/4.6.3/crtbegin.o
 .rela.text.__SYS_SyncSram
                0x0000000000000000        0x0 /home/vwii/devkitPro/devkitPPC/bin/../lib/gcc/powerpc-eabi/4.6.3/crtbegin.o
 .rela.text.SYS_Init
                0x0000000000000000        0x0 /home/vwii/devkitPro/devkitPPC/bin/../lib/gcc/powerpc-eabi/4.6.3/crtbegin.o
 .rela.text.SYS_RemoveAlarm
                0x0000000000000000        0x0 /home/vwii/devkitPro/devkitPPC/bin/../lib/gcc/powerpc-eabi/4.6.3/crtbegin.o
 .rela.text.SYS_CancelAlarm
                0x0000000000000000        0x0 /home/vwii/devkitPro/devkitPPC/bin/../lib/gcc/powerpc-eabi/4.6.3/crtbegin.o
 .rela.text.__lwp_cond_open
                0x0000000000000000        0x0 /home/vwii/devkitPro/devkitPPC/bin/../lib/gcc/powerpc-eabi/4.6.3/crtbegin.o
 .rela.text.__lwp_cond_init
                0x0000000000000000        0x0 /home/vwii/devkitPro/devkitPPC/bin/../lib/gcc/powerpc-eabi/4.6.3/crtbegin.o
 .rela.text.LWP_CondInit
                0x0000000000000000        0x0 /home/vwii/devkitPro/devkitPPC/bin/../lib/gcc/powerpc-eabi/4.6.3/crtbegin.o
 .rela.text.LWP_CondDestroy
                0x0000000000000000        0x0 /home/vwii/devkitPro/devkitPPC/bin/../lib/gcc/powerpc-eabi/4.6.3/crtbegin.o
 .rela.text.c_decrementer_handler
                0x0000000000000000        0x0 /home/vwii/devkitPro/devkitPPC/bin/../lib/gcc/powerpc-eabi/4.6.3/crtbegin.o
 .rela.text.__lwp_mqbox_free
                0x0000000000000000        0x0 /home/vwii/devkitPro/devkitPPC/bin/../lib/gcc/powerpc-eabi/4.6.3/crtbegin.o
 .rela.text.__lwp_mqbox_open
                0x0000000000000000        0x0 /home/vwii/devkitPro/devkitPPC/bin/../lib/gcc/powerpc-eabi/4.6.3/crtbegin.o
 .rela.text.__lwp_mqbox_init
                0x0000000000000000        0x0 /home/vwii/devkitPro/devkitPPC/bin/../lib/gcc/powerpc-eabi/4.6.3/crtbegin.o
 .rela.text.MQ_Init
                0x0000000000000000        0x0 /home/vwii/devkitPro/devkitPPC/bin/../lib/gcc/powerpc-eabi/4.6.3/crtbegin.o
 .rela.text.__ios_ioctlvformat_parse
                0x0000000000000000        0x0 /home/vwii/devkitPro/devkitPPC/bin/../lib/gcc/powerpc-eabi/4.6.3/crtbegin.o
 .rela.text.__ioctlvfmtCB
                0x0000000000000000        0x0 /home/vwii/devkitPro/devkitPPC/bin/../lib/gcc/powerpc-eabi/4.6.3/crtbegin.o
 .rela.text.IOS_IoctlvFormat
                0x0000000000000000        0x0 /home/vwii/devkitPro/devkitPPC/bin/../lib/gcc/powerpc-eabi/4.6.3/crtbegin.o
 .rela.text.IOS_IoctlvFormatAsync
                0x0000000000000000        0x0 /home/vwii/devkitPro/devkitPPC/bin/../lib/gcc/powerpc-eabi/4.6.3/crtbegin.o
 .rela.text.nanosleep
                0x0000000000000000        0x0 /home/vwii/devkitPro/devkitPPC/bin/../lib/gcc/powerpc-eabi/4.6.3/crtbegin.o
 .rela.text.__libc_delete_hook
                0x0000000000000000        0x0 /home/vwii/devkitPro/devkitPPC/bin/../lib/gcc/powerpc-eabi/4.6.3/crtbegin.o
 .rela.text.__libc_init
                0x0000000000000000        0x0 /home/vwii/devkitPro/devkitPPC/bin/../lib/gcc/powerpc-eabi/4.6.3/crtbegin.o
 .rela.text.__libc_wrapup
                0x0000000000000000        0x0 /home/vwii/devkitPro/devkitPPC/bin/../lib/gcc/powerpc-eabi/4.6.3/crtbegin.o
 .rela.text.__CheckARGV
                0x0000000000000000        0x0 /home/vwii/devkitPro/devkitPPC/bin/../lib/gcc/powerpc-eabi/4.6.3/crtbegin.o
 .rela.text.__lwp_priority_init
                0x0000000000000000        0x0 /home/vwii/devkitPro/devkitPPC/bin/../lib/gcc/powerpc-eabi/4.6.3/crtbegin.o
 .rela.text.__lwp_wd_remove_ticks
                0x0000000000000000        0x0 /home/vwii/devkitPro/devkitPPC/bin/../lib/gcc/powerpc-eabi/4.6.3/crtbegin.o
 .rela.text.__lwp_threadqueue_enqueue
                0x0000000000000000        0x0 /home/vwii/devkitPro/devkitPPC/bin/../lib/gcc/powerpc-eabi/4.6.3/crtbegin.o
 .rela.text.__lwp_thread_calcheir
                0x0000000000000000        0x0 /home/vwii/devkitPro/devkitPPC/bin/../lib/gcc/powerpc-eabi/4.6.3/crtbegin.o
 .rela.text.__lwp_wd_insert_ticks.constprop.4
                0x0000000000000000        0x0 /home/vwii/devkitPro/devkitPPC/bin/../lib/gcc/powerpc-eabi/4.6.3/crtbegin.o
 .rela.text.__lwp_rotate_readyqueue
                0x0000000000000000        0x0 /home/vwii/devkitPro/devkitPPC/bin/../lib/gcc/powerpc-eabi/4.6.3/crtbegin.o
 .rela.text.__lwp_thread_setpriority
                0x0000000000000000        0x0 /home/vwii/devkitPro/devkitPPC/bin/../lib/gcc/powerpc-eabi/4.6.3/crtbegin.o
 .rela.text.__lwp_thread_close
                0x0000000000000000        0x0 /home/vwii/devkitPro/devkitPPC/bin/../lib/gcc/powerpc-eabi/4.6.3/crtbegin.o
 .rela.text.__lwp_thread_closeall
                0x0000000000000000        0x0 /home/vwii/devkitPro/devkitPPC/bin/../lib/gcc/powerpc-eabi/4.6.3/crtbegin.o
 .rela.text.__lwp_thread_startmultitasking
                0x0000000000000000        0x0 /home/vwii/devkitPro/devkitPPC/bin/../lib/gcc/powerpc-eabi/4.6.3/crtbegin.o
 .rela.text.__lwp_thread_stopmultitasking
                0x0000000000000000        0x0 /home/vwii/devkitPro/devkitPPC/bin/../lib/gcc/powerpc-eabi/4.6.3/crtbegin.o
 .rela.text.__lwp_thread_coreinit
                0x0000000000000000        0x0 /home/vwii/devkitPro/devkitPPC/bin/../lib/gcc/powerpc-eabi/4.6.3/crtbegin.o
 .rela.text.__lwpmq_initialize
                0x0000000000000000        0x0 /home/vwii/devkitPro/devkitPPC/bin/../lib/gcc/powerpc-eabi/4.6.3/crtbegin.o
 .rela.text.__lwpmq_close
                0x0000000000000000        0x0 /home/vwii/devkitPro/devkitPPC/bin/../lib/gcc/powerpc-eabi/4.6.3/crtbegin.o
 .rela.text.__lwp_cntrl_free
                0x0000000000000000        0x0 /home/vwii/devkitPro/devkitPPC/bin/../lib/gcc/powerpc-eabi/4.6.3/crtbegin.o
 .rela.text.__lwp_tqueue_open
                0x0000000000000000        0x0 /home/vwii/devkitPro/devkitPPC/bin/../lib/gcc/powerpc-eabi/4.6.3/crtbegin.o
 .rela.text.__lwp_cntrl_open
                0x0000000000000000        0x0 /home/vwii/devkitPro/devkitPPC/bin/../lib/gcc/powerpc-eabi/4.6.3/crtbegin.o
 .rela.text.__lwp_sysinit
                0x0000000000000000        0x0 /home/vwii/devkitPro/devkitPPC/bin/../lib/gcc/powerpc-eabi/4.6.3/crtbegin.o
 .rela.text.__lwp_thread_isalive
                0x0000000000000000        0x0 /home/vwii/devkitPro/devkitPPC/bin/../lib/gcc/powerpc-eabi/4.6.3/crtbegin.o
 .rela.text.__lwp_thread_exists
                0x0000000000000000        0x0 /home/vwii/devkitPro/devkitPPC/bin/../lib/gcc/powerpc-eabi/4.6.3/crtbegin.o
 .rela.text.__lwp_thread_context
                0x0000000000000000        0x0 /home/vwii/devkitPro/devkitPPC/bin/../lib/gcc/powerpc-eabi/4.6.3/crtbegin.o
 .rela.text.LWP_CreateThread
                0x0000000000000000        0x0 /home/vwii/devkitPro/devkitPPC/bin/../lib/gcc/powerpc-eabi/4.6.3/crtbegin.o
 .rela.text.LWP_InitQueue
                0x0000000000000000        0x0 /home/vwii/devkitPro/devkitPPC/bin/../lib/gcc/powerpc-eabi/4.6.3/crtbegin.o
 .rela.text.LWP_CloseQueue
                0x0000000000000000        0x0 /home/vwii/devkitPro/devkitPPC/bin/../lib/gcc/powerpc-eabi/4.6.3/crtbegin.o
 .rela.text.__lwp_stack_allocate
                0x0000000000000000        0x0 /home/vwii/devkitPro/devkitPPC/bin/../lib/gcc/powerpc-eabi/4.6.3/crtbegin.o
 .rela.text.__lwp_stack_free
                0x0000000000000000        0x0 /home/vwii/devkitPro/devkitPPC/bin/../lib/gcc/powerpc-eabi/4.6.3/crtbegin.o
 .rela.text.__lwp_watchdog_init
                0x0000000000000000        0x0 /home/vwii/devkitPro/devkitPPC/bin/../lib/gcc/powerpc-eabi/4.6.3/crtbegin.o
 .rela.text.__lwp_wd_tickle
                0x0000000000000000        0x0 /home/vwii/devkitPro/devkitPPC/bin/../lib/gcc/powerpc-eabi/4.6.3/crtbegin.o
 .rela.text.__lwp_wkspace_heapfree
                0x0000000000000000        0x0 /home/vwii/devkitPro/devkitPPC/bin/../lib/gcc/powerpc-eabi/4.6.3/crtbegin.o
 .rela.text.__lwp_wkspace_heapused
                0x0000000000000000        0x0 /home/vwii/devkitPro/devkitPPC/bin/../lib/gcc/powerpc-eabi/4.6.3/crtbegin.o
 .rela.text.__lwp_wkspace_init
                0x0000000000000000        0x0 /home/vwii/devkitPro/devkitPPC/bin/../lib/gcc/powerpc-eabi/4.6.3/crtbegin.o
 .rela.text.__lwp_objmgr_initinfo
                0x0000000000000000        0x0 /home/vwii/devkitPro/devkitPPC/bin/../lib/gcc/powerpc-eabi/4.6.3/crtbegin.o
 .rela.text.__systemcall_init
                0x0000000000000000        0x0 /home/vwii/devkitPro/devkitPPC/bin/../lib/gcc/powerpc-eabi/4.6.3/crtbegin.o
 .rela.text.__exception_init
                0x0000000000000000        0x0 /home/vwii/devkitPro/devkitPPC/bin/../lib/gcc/powerpc-eabi/4.6.3/crtbegin.o
 .rela.text.__exception_close
                0x0000000000000000        0x0 /home/vwii/devkitPro/devkitPPC/bin/../lib/gcc/powerpc-eabi/4.6.3/crtbegin.o
 .rela.text.__exception_sethandler
                0x0000000000000000        0x0 /home/vwii/devkitPro/devkitPPC/bin/../lib/gcc/powerpc-eabi/4.6.3/crtbegin.o
 .rela.text.__irq_init
                0x0000000000000000        0x0 /home/vwii/devkitPro/devkitPPC/bin/../lib/gcc/powerpc-eabi/4.6.3/crtbegin.o
 .rela.text.__lwp_sema_open
                0x0000000000000000        0x0 /home/vwii/devkitPro/devkitPPC/bin/../lib/gcc/powerpc-eabi/4.6.3/crtbegin.o
 .rela.text.__lwp_sema_init
                0x0000000000000000        0x0 /home/vwii/devkitPro/devkitPPC/bin/../lib/gcc/powerpc-eabi/4.6.3/crtbegin.o
 .rela.text.LWP_SemInit
                0x0000000000000000        0x0 /home/vwii/devkitPro/devkitPPC/bin/../lib/gcc/powerpc-eabi/4.6.3/crtbegin.o
 .rela.text.LWP_SemDestroy
                0x0000000000000000        0x0 /home/vwii/devkitPro/devkitPPC/bin/../lib/gcc/powerpc-eabi/4.6.3/crtbegin.o
 .rela.text.__lwp_mutex_locksupp.constprop.7
                0x0000000000000000        0x0 /home/vwii/devkitPro/devkitPPC/bin/../lib/gcc/powerpc-eabi/4.6.3/crtbegin.o
 .rela.text.__lwp_mutex_init
                0x0000000000000000        0x0 /home/vwii/devkitPro/devkitPPC/bin/../lib/gcc/powerpc-eabi/4.6.3/crtbegin.o
 .rela.text.LWP_MutexInit
                0x0000000000000000        0x0 /home/vwii/devkitPro/devkitPPC/bin/../lib/gcc/powerpc-eabi/4.6.3/crtbegin.o
 .rela.text.LWP_MutexDestroy
                0x0000000000000000        0x0 /home/vwii/devkitPro/devkitPPC/bin/../lib/gcc/powerpc-eabi/4.6.3/crtbegin.o
 .rela.text.LWP_MutexUnlock
                0x0000000000000000        0x0 /home/vwii/devkitPro/devkitPPC/bin/../lib/gcc/powerpc-eabi/4.6.3/crtbegin.o
 .rela.text.__GX_FifoLink
                0x0000000000000000        0x0 /home/vwii/devkitPro/devkitPPC/bin/../lib/gcc/powerpc-eabi/4.6.3/crtbegin.o
 .rela.text.__GX_WriteFifoIntEnable
                0x0000000000000000        0x0 /home/vwii/devkitPro/devkitPPC/bin/../lib/gcc/powerpc-eabi/4.6.3/crtbegin.o
 .rela.text.__GX_FifoReadEnable
                0x0000000000000000        0x0 /home/vwii/devkitPro/devkitPPC/bin/../lib/gcc/powerpc-eabi/4.6.3/crtbegin.o
 .rela.text.__GX_FifoReadDisable
                0x0000000000000000        0x0 /home/vwii/devkitPro/devkitPPC/bin/../lib/gcc/powerpc-eabi/4.6.3/crtbegin.o
 .rela.text.__GX_InitRevBits
                0x0000000000000000        0x0 /home/vwii/devkitPro/devkitPPC/bin/../lib/gcc/powerpc-eabi/4.6.3/crtbegin.o
 .rela.text.__GXDefTexRegionCallback
                0x0000000000000000        0x0 /home/vwii/devkitPro/devkitPPC/bin/../lib/gcc/powerpc-eabi/4.6.3/crtbegin.o
 .rela.text.__GXDefTlutRegionCallback
                0x0000000000000000        0x0 /home/vwii/devkitPro/devkitPPC/bin/../lib/gcc/powerpc-eabi/4.6.3/crtbegin.o
 .rela.text.__GX_FlushTextureState
                0x0000000000000000        0x0 /home/vwii/devkitPro/devkitPPC/bin/../lib/gcc/powerpc-eabi/4.6.3/crtbegin.o
 .rela.text.__SetSURegs
                0x0000000000000000        0x0 /home/vwii/devkitPro/devkitPPC/bin/../lib/gcc/powerpc-eabi/4.6.3/crtbegin.o
 .rela.text.__SETVCDFMT
                0x0000000000000000        0x0 /home/vwii/devkitPro/devkitPPC/bin/../lib/gcc/powerpc-eabi/4.6.3/crtbegin.o
 .rela.text.__GX_SetMatrixIndex
                0x0000000000000000        0x0 /home/vwii/devkitPro/devkitPPC/bin/../lib/gcc/powerpc-eabi/4.6.3/crtbegin.o
 .rela.text.__GX_SetDirtyState
                0x0000000000000000        0x0 /home/vwii/devkitPro/devkitPPC/bin/../lib/gcc/powerpc-eabi/4.6.3/crtbegin.o
 .rela.text.__SETVCDATTR
                0x0000000000000000        0x0 /home/vwii/devkitPro/devkitPPC/bin/../lib/gcc/powerpc-eabi/4.6.3/crtbegin.o
 .rela.text.__GX_WriteFifoIntReset.constprop.6
                0x0000000000000000        0x0 /home/vwii/devkitPro/devkitPPC/bin/../lib/gcc/powerpc-eabi/4.6.3/crtbegin.o
 .rela.text.__GXCPInterruptHandler
                0x0000000000000000        0x0 /home/vwii/devkitPro/devkitPPC/bin/../lib/gcc/powerpc-eabi/4.6.3/crtbegin.o
 .rela.text.GX_Flush
                0x0000000000000000        0x0 /home/vwii/devkitPro/devkitPPC/bin/../lib/gcc/powerpc-eabi/4.6.3/crtbegin.o
 .rela.text.GX_EnableBreakPt
                0x0000000000000000        0x0 /home/vwii/devkitPro/devkitPPC/bin/../lib/gcc/powerpc-eabi/4.6.3/crtbegin.o
 .rela.text.GX_DisableBreakPt
                0x0000000000000000        0x0 /home/vwii/devkitPro/devkitPPC/bin/../lib/gcc/powerpc-eabi/4.6.3/crtbegin.o
 .rela.text.GX_AbortFrame
                0x0000000000000000        0x0 /home/vwii/devkitPro/devkitPPC/bin/../lib/gcc/powerpc-eabi/4.6.3/crtbegin.o
 .rela.text.GX_PixModeSync
                0x0000000000000000        0x0 /home/vwii/devkitPro/devkitPPC/bin/../lib/gcc/powerpc-eabi/4.6.3/crtbegin.o
 .rela.text.GX_SetMisc
                0x0000000000000000        0x0 /home/vwii/devkitPro/devkitPPC/bin/../lib/gcc/powerpc-eabi/4.6.3/crtbegin.o
 .rela.text.GX_SetCopyClamp
                0x0000000000000000        0x0 /home/vwii/devkitPro/devkitPPC/bin/../lib/gcc/powerpc-eabi/4.6.3/crtbegin.o
 .rela.text.GX_SetDispCopyGamma
                0x0000000000000000        0x0 /home/vwii/devkitPro/devkitPPC/bin/../lib/gcc/powerpc-eabi/4.6.3/crtbegin.o
 .rela.text.GX_SetDispCopyFrame2Field
                0x0000000000000000        0x0 /home/vwii/devkitPro/devkitPPC/bin/../lib/gcc/powerpc-eabi/4.6.3/crtbegin.o
 .rela.text.GX_SetDispCopyYScale
                0x0000000000000000        0x0 /home/vwii/devkitPro/devkitPPC/bin/../lib/gcc/powerpc-eabi/4.6.3/crtbegin.o
 .rela.text.GX_SetDispCopyDst
                0x0000000000000000        0x0 /home/vwii/devkitPro/devkitPPC/bin/../lib/gcc/powerpc-eabi/4.6.3/crtbegin.o
 .rela.text.GX_SetDispCopySrc
                0x0000000000000000        0x0 /home/vwii/devkitPro/devkitPPC/bin/../lib/gcc/powerpc-eabi/4.6.3/crtbegin.o
 .rela.text.GX_CopyDisp
                0x0000000000000000        0x0 /home/vwii/devkitPro/devkitPPC/bin/../lib/gcc/powerpc-eabi/4.6.3/crtbegin.o
 .rela.text.GX_CopyTex
                0x0000000000000000        0x0 /home/vwii/devkitPro/devkitPPC/bin/../lib/gcc/powerpc-eabi/4.6.3/crtbegin.o
 .rela.text.GX_SetTexCopySrc
                0x0000000000000000        0x0 /home/vwii/devkitPro/devkitPPC/bin/../lib/gcc/powerpc-eabi/4.6.3/crtbegin.o
 .rela.text.GX_SetTexCopyDst
                0x0000000000000000        0x0 /home/vwii/devkitPro/devkitPPC/bin/../lib/gcc/powerpc-eabi/4.6.3/crtbegin.o
 .rela.text.GX_BeginDispList
                0x0000000000000000        0x0 /home/vwii/devkitPro/devkitPPC/bin/../lib/gcc/powerpc-eabi/4.6.3/crtbegin.o
 .rela.text.GX_EndDispList
                0x0000000000000000        0x0 /home/vwii/devkitPro/devkitPPC/bin/../lib/gcc/powerpc-eabi/4.6.3/crtbegin.o
 .rela.text.GX_CallDispList
                0x0000000000000000        0x0 /home/vwii/devkitPro/devkitPPC/bin/../lib/gcc/powerpc-eabi/4.6.3/crtbegin.o
 .rela.text.GX_SetChanCtrl
                0x0000000000000000        0x0 /home/vwii/devkitPro/devkitPPC/bin/../lib/gcc/powerpc-eabi/4.6.3/crtbegin.o
 .rela.text.GX_SetChanAmbColor
                0x0000000000000000        0x0 /home/vwii/devkitPro/devkitPPC/bin/../lib/gcc/powerpc-eabi/4.6.3/crtbegin.o
 .rela.text.GX_SetChanMatColor
                0x0000000000000000        0x0 /home/vwii/devkitPro/devkitPPC/bin/../lib/gcc/powerpc-eabi/4.6.3/crtbegin.o
 .rela.text.GX_SetVtxDesc
                0x0000000000000000        0x0 /home/vwii/devkitPro/devkitPPC/bin/../lib/gcc/powerpc-eabi/4.6.3/crtbegin.o
 .rela.text.GX_SetVtxDescv
                0x0000000000000000        0x0 /home/vwii/devkitPro/devkitPPC/bin/../lib/gcc/powerpc-eabi/4.6.3/crtbegin.o
 .rela.text.GX_GetVtxDescv
                0x0000000000000000        0x0 /home/vwii/devkitPro/devkitPPC/bin/../lib/gcc/powerpc-eabi/4.6.3/crtbegin.o
 .rela.text.GX_SetVtxAttrFmt
                0x0000000000000000        0x0 /home/vwii/devkitPro/devkitPPC/bin/../lib/gcc/powerpc-eabi/4.6.3/crtbegin.o
 .rela.text.GX_SetVtxAttrFmtv
                0x0000000000000000        0x0 /home/vwii/devkitPro/devkitPPC/bin/../lib/gcc/powerpc-eabi/4.6.3/crtbegin.o
 .rela.text.GX_Begin
                0x0000000000000000        0x0 /home/vwii/devkitPro/devkitPPC/bin/../lib/gcc/powerpc-eabi/4.6.3/crtbegin.o
 .rela.text.GX_SetTexCoordGen2
                0x0000000000000000        0x0 /home/vwii/devkitPro/devkitPPC/bin/../lib/gcc/powerpc-eabi/4.6.3/crtbegin.o
 .rela.text.GX_SetCurrentMtx
                0x0000000000000000        0x0 /home/vwii/devkitPro/devkitPPC/bin/../lib/gcc/powerpc-eabi/4.6.3/crtbegin.o
 .rela.text.GX_SetNumTexGens
                0x0000000000000000        0x0 /home/vwii/devkitPro/devkitPPC/bin/../lib/gcc/powerpc-eabi/4.6.3/crtbegin.o
 .rela.text.GX_SetZMode
                0x0000000000000000        0x0 /home/vwii/devkitPro/devkitPPC/bin/../lib/gcc/powerpc-eabi/4.6.3/crtbegin.o
 .rela.text.GX_LoadTexObjPreloaded
                0x0000000000000000        0x0 /home/vwii/devkitPro/devkitPPC/bin/../lib/gcc/powerpc-eabi/4.6.3/crtbegin.o
 .rela.text.GX_SetTexCoordScaleManually
                0x0000000000000000        0x0 /home/vwii/devkitPro/devkitPPC/bin/../lib/gcc/powerpc-eabi/4.6.3/crtbegin.o
 .rela.text.GX_SetTexCoordCylWrap
                0x0000000000000000        0x0 /home/vwii/devkitPro/devkitPPC/bin/../lib/gcc/powerpc-eabi/4.6.3/crtbegin.o
 .rela.text.GX_SetTexCoordBias
                0x0000000000000000        0x0 /home/vwii/devkitPro/devkitPPC/bin/../lib/gcc/powerpc-eabi/4.6.3/crtbegin.o
 .rela.text.GX_SetBlendMode
                0x0000000000000000        0x0 /home/vwii/devkitPro/devkitPPC/bin/../lib/gcc/powerpc-eabi/4.6.3/crtbegin.o
 .rela.text.GX_ClearVtxDesc
                0x0000000000000000        0x0 /home/vwii/devkitPro/devkitPPC/bin/../lib/gcc/powerpc-eabi/4.6.3/crtbegin.o
 .rela.text.GX_SetLineWidth
                0x0000000000000000        0x0 /home/vwii/devkitPro/devkitPPC/bin/../lib/gcc/powerpc-eabi/4.6.3/crtbegin.o
 .rela.text.GX_SetPointSize
                0x0000000000000000        0x0 /home/vwii/devkitPro/devkitPPC/bin/../lib/gcc/powerpc-eabi/4.6.3/crtbegin.o
 .rela.text.GX_SetTevColorIn
                0x0000000000000000        0x0 /home/vwii/devkitPro/devkitPPC/bin/../lib/gcc/powerpc-eabi/4.6.3/crtbegin.o
 .rela.text.GX_SetTevAlphaIn
                0x0000000000000000        0x0 /home/vwii/devkitPro/devkitPPC/bin/../lib/gcc/powerpc-eabi/4.6.3/crtbegin.o
 .rela.text.GX_SetTevColorOp
                0x0000000000000000        0x0 /home/vwii/devkitPro/devkitPPC/bin/../lib/gcc/powerpc-eabi/4.6.3/crtbegin.o
 .rela.text.GX_SetTevAlphaOp
                0x0000000000000000        0x0 /home/vwii/devkitPro/devkitPPC/bin/../lib/gcc/powerpc-eabi/4.6.3/crtbegin.o
 .rela.text.GX_SetCullMode
                0x0000000000000000        0x0 /home/vwii/devkitPro/devkitPPC/bin/../lib/gcc/powerpc-eabi/4.6.3/crtbegin.o
 .rela.text.GX_SetCoPlanar
                0x0000000000000000        0x0 /home/vwii/devkitPro/devkitPPC/bin/../lib/gcc/powerpc-eabi/4.6.3/crtbegin.o
 .rela.text.GX_EnableTexOffsets
                0x0000000000000000        0x0 /home/vwii/devkitPro/devkitPPC/bin/../lib/gcc/powerpc-eabi/4.6.3/crtbegin.o
 .rela.text.GX_SetScissor
                0x0000000000000000        0x0 /home/vwii/devkitPro/devkitPPC/bin/../lib/gcc/powerpc-eabi/4.6.3/crtbegin.o
 .rela.text.GX_SetNumChans
                0x0000000000000000        0x0 /home/vwii/devkitPro/devkitPPC/bin/../lib/gcc/powerpc-eabi/4.6.3/crtbegin.o
 .rela.text.GX_SetTevOrder
                0x0000000000000000        0x0 /home/vwii/devkitPro/devkitPPC/bin/../lib/gcc/powerpc-eabi/4.6.3/crtbegin.o
 .rela.text.GX_SetNumTevStages
                0x0000000000000000        0x0 /home/vwii/devkitPro/devkitPPC/bin/../lib/gcc/powerpc-eabi/4.6.3/crtbegin.o
 .rela.text.GX_SetTevKColorSel
                0x0000000000000000        0x0 /home/vwii/devkitPro/devkitPPC/bin/../lib/gcc/powerpc-eabi/4.6.3/crtbegin.o
 .rela.text.GX_SetTevKAlphaSel
                0x0000000000000000        0x0 /home/vwii/devkitPro/devkitPPC/bin/../lib/gcc/powerpc-eabi/4.6.3/crtbegin.o
 .rela.text.GX_SetTevSwapMode
                0x0000000000000000        0x0 /home/vwii/devkitPro/devkitPPC/bin/../lib/gcc/powerpc-eabi/4.6.3/crtbegin.o
 .rela.text.GX_SetTevSwapModeTable
                0x0000000000000000        0x0 /home/vwii/devkitPro/devkitPPC/bin/../lib/gcc/powerpc-eabi/4.6.3/crtbegin.o
 .rela.text.GX_SetNumIndStages
                0x0000000000000000        0x0 /home/vwii/devkitPro/devkitPPC/bin/../lib/gcc/powerpc-eabi/4.6.3/crtbegin.o
 .rela.text.GX_SetIndTexCoordScale
                0x0000000000000000        0x0 /home/vwii/devkitPro/devkitPPC/bin/../lib/gcc/powerpc-eabi/4.6.3/crtbegin.o
 .rela.text.GX_SetColorUpdate
                0x0000000000000000        0x0 /home/vwii/devkitPro/devkitPPC/bin/../lib/gcc/powerpc-eabi/4.6.3/crtbegin.o
 .rela.text.GX_SetAlphaUpdate
                0x0000000000000000        0x0 /home/vwii/devkitPro/devkitPPC/bin/../lib/gcc/powerpc-eabi/4.6.3/crtbegin.o
 .rela.text.GX_SetZCompLoc
                0x0000000000000000        0x0 /home/vwii/devkitPro/devkitPPC/bin/../lib/gcc/powerpc-eabi/4.6.3/crtbegin.o
 .rela.text.GX_SetPixelFmt
                0x0000000000000000        0x0 /home/vwii/devkitPro/devkitPPC/bin/../lib/gcc/powerpc-eabi/4.6.3/crtbegin.o
 .rela.text.GX_SetDither
                0x0000000000000000        0x0 /home/vwii/devkitPro/devkitPPC/bin/../lib/gcc/powerpc-eabi/4.6.3/crtbegin.o
 .rela.text.GX_SetDstAlpha
                0x0000000000000000        0x0 /home/vwii/devkitPro/devkitPPC/bin/../lib/gcc/powerpc-eabi/4.6.3/crtbegin.o
 .rela.text.GX_SetFieldMode
                0x0000000000000000        0x0 /home/vwii/devkitPro/devkitPPC/bin/../lib/gcc/powerpc-eabi/4.6.3/crtbegin.o
 .rela.text.GX_SetIndTexOrder
                0x0000000000000000        0x0 /home/vwii/devkitPro/devkitPPC/bin/../lib/gcc/powerpc-eabi/4.6.3/crtbegin.o
 .rela.text.GX_SetGPMetric
                0x0000000000000000        0x0 /home/vwii/devkitPro/devkitPPC/bin/../lib/gcc/powerpc-eabi/4.6.3/crtbegin.o
 .rela.text.GX_Init
                0x0000000000000000        0x0 /home/vwii/devkitPro/devkitPPC/bin/../lib/gcc/powerpc-eabi/4.6.3/crtbegin.o
 .rela.text.GX_ReadGPMetric
                0x0000000000000000        0x0 /home/vwii/devkitPro/devkitPPC/bin/../lib/gcc/powerpc-eabi/4.6.3/crtbegin.o
 .rela.text.kprintf
                0x0000000000000000        0x0 /home/vwii/devkitPro/devkitPPC/bin/../lib/gcc/powerpc-eabi/4.6.3/crtbegin.o
 .rela.text.calloc
                0x0000000000000000        0x0 /home/vwii/devkitPro/devkitPPC/bin/../lib/gcc/powerpc-eabi/4.6.3/crtbegin.o
 .rela.text.__errno
                0x0000000000000000        0x0 /home/vwii/devkitPro/devkitPPC/bin/../lib/gcc/powerpc-eabi/4.6.3/crtbegin.o
 .rela.text.exit
                0x0000000000000000        0x0 /home/vwii/devkitPro/devkitPPC/bin/../lib/gcc/powerpc-eabi/4.6.3/crtbegin.o
 .rela.text._malloc_trim_r
                0x0000000000000000        0x0 /home/vwii/devkitPro/devkitPPC/bin/../lib/gcc/powerpc-eabi/4.6.3/crtbegin.o
 .rela.text._free_r
                0x0000000000000000        0x0 /home/vwii/devkitPro/devkitPPC/bin/../lib/gcc/powerpc-eabi/4.6.3/crtbegin.o
 .rela.text.setvbuf
                0x0000000000000000        0x0 /home/vwii/devkitPro/devkitPPC/bin/../lib/gcc/powerpc-eabi/4.6.3/crtbegin.o
 .rela.text._svfprintf_r
                0x0000000000000000        0x0 /home/vwii/devkitPro/devkitPPC/bin/../lib/gcc/powerpc-eabi/4.6.3/crtbegin.o
 .rela.text._vfprintf_r
                0x0000000000000000        0x0 /home/vwii/devkitPro/devkitPPC/bin/../lib/gcc/powerpc-eabi/4.6.3/crtbegin.o
 .rela.text._wcrtomb_r
                0x0000000000000000        0x0 /home/vwii/devkitPro/devkitPPC/bin/../lib/gcc/powerpc-eabi/4.6.3/crtbegin.o
 .rela.text.wcrtomb
                0x0000000000000000        0x0 /home/vwii/devkitPro/devkitPPC/bin/../lib/gcc/powerpc-eabi/4.6.3/crtbegin.o
 .rela.text.__call_exitprocs
                0x0000000000000000        0x0 /home/vwii/devkitPro/devkitPPC/bin/../lib/gcc/powerpc-eabi/4.6.3/crtbegin.o
 .rela.text._dtoa_r
                0x0000000000000000        0x0 /home/vwii/devkitPro/devkitPPC/bin/../lib/gcc/powerpc-eabi/4.6.3/crtbegin.o
 .rela.text._cleanup_r
                0x0000000000000000        0x0 /home/vwii/devkitPro/devkitPPC/bin/../lib/gcc/powerpc-eabi/4.6.3/crtbegin.o
 .rela.text.std.isra.0
                0x0000000000000000        0x0 /home/vwii/devkitPro/devkitPPC/bin/../lib/gcc/powerpc-eabi/4.6.3/crtbegin.o
 .rela.text.loadlocale
                0x0000000000000000        0x0 /home/vwii/devkitPro/devkitPPC/bin/../lib/gcc/powerpc-eabi/4.6.3/crtbegin.o
 .rela.text.__smakebuf_r
                0x0000000000000000        0x0 /home/vwii/devkitPro/devkitPPC/bin/../lib/gcc/powerpc-eabi/4.6.3/crtbegin.o
 .rela.text._findenv_r
                0x0000000000000000        0x0 /home/vwii/devkitPro/devkitPPC/bin/../lib/gcc/powerpc-eabi/4.6.3/crtbegin.o

.rel.fini
 *(.rel.fini)

.rela.fini
 *(.rela.fini)

.rel.rodata
 *(.rel.rodata .rel.rodata.* .rel.gnu.linkonce.r.*)

.rela.rodata
 *(.rela.rodata .rela.rodata.* .rela.gnu.linkonce.r.*)

.rel.data
 *(.rel.data .rel.data.* .rel.gnu.linkonce.d.*)

.rela.data
 *(.rela.data .rela.data.* .rela.gnu.linkonce.d.*)

.rel.tdata
 *(.rel.tdata .rel.tdata.* .rel.gnu.linkonce.td.*)

.rela.tdata
 *(.rela.tdata .rela.tdata.* .rela.gnu.linkonce.td.*)

.rel.tbss
 *(.rel.tbss .rel.tbss.* .rel.gnu.linkonce.tb.*)

.rela.tbss
 *(.rela.tbss .rela.tbss.* .rela.gnu.linkonce.tb.*)

.rel.ctors
 *(.rel.ctors)

.rela.ctors
 *(.rela.ctors)

.rel.dtors
 *(.rel.dtors)

.rela.dtors
 *(.rela.dtors)

.rel.got
 *(.rel.got)

.rela.got
 *(.rela.got)

.rela.got1
 *(.rela.got1)

.rela.got2      0x0000000080004194        0x0
 *(.rela.got2)
 .rela.got2     0x0000000000000000        0x0 /home/vwii/devkitPro/devkitPPC/bin/../lib/gcc/powerpc-eabi/4.6.3/crtbegin.o

.rel.sdata
 *(.rel.sdata .rel.sdata.* .rel.gnu.linkonce.s.*)

.rela.sdata
 *(.rela.sdata .rela.sdata.* .rela.gnu.linkonce.s.*)

.rel.sbss
 *(.rel.sbss .rel.sbss.* .rel.gnu.linkonce.sb.*)

.rela.sbss
 *(.rela.sbss .rela.sbss.* .rel.gnu.linkonce.sb.*)

.rel.sdata2
 *(.rel.sdata2 .rel.sdata2.* .rel.gnu.linkonce.s2.*)

.rela.sdata2
 *(.rela.sdata2 .rela.sdata2.* .rela.gnu.linkonce.s2.*)

.rel.sbss2
 *(.rel.sbss2 .rel.sbss2.* .rel.gnu.linkonce.sb2.*)

.rela.sbss2
 *(.rela.sbss2 .rela.sbss2.* .rela.gnu.linkonce.sb2.*)

.rel.bss
 *(.rel.bss .rel.bss.* .rel.gnu.linkonce.b.*)

.rela.bss
 *(.rela.bss .rela.bss.* .rela.gnu.linkonce.b.*)

.rel.plt
 *(.rel.plt)

.rela.plt
 *(.rela.plt)

.text           0x00000000800041a0    0x1cd20
 *(.text)
 .text          0x00000000800041a0      0x168 /home/vwii/devkitPro/devkitPPC/bin/../lib/gcc/powerpc-eabi/4.6.3/crtbegin.o
 .text          0x0000000080004308       0x44 /home/vwii/devkitPro/devkitPPC/bin/../lib/gcc/powerpc-eabi/4.6.3/../../../../powerpc-eabi/lib/crtmain.o
                0x000000008000430c                __crtmain
 .text          0x000000008000434c      0x4f4 /home/vwii/devkitPro/libogc/lib/wii/libogc.a(cache_asm.o)
                0x000000008000434c                DCFlashInvalidate
                0x0000000080004360                DCEnable
                0x0000000080004374                DCDisable
                0x0000000080004388                DCFreeze
                0x000000008000439c                DCUnfreeze
                0x00000000800043b0                DCTouchLoad
                0x00000000800043b8                DCBlockZero
                0x00000000800043c0                DCBlockStore
                0x00000000800043c8                DCBlockFlush
                0x00000000800043d0                DCBlockInvalidate
                0x00000000800043d8                DCInvalidateRange
                0x0000000080004408                DCFlushRange
                0x000000008000443c                DCStoreRange
                0x0000000080004470                DCFlushRangeNoSync
                0x00000000800044a0                DCStoreRangeNoSync
                0x00000000800044d0                DCZeroRange
                0x0000000080004500                DCTouchRange
                0x0000000080004530                ICInvalidateRange
                0x0000000080004568                ICFlashInvalidate
                0x000000008000457c                ICEnable
                0x0000000080004590                ICDisable
                0x00000000800045a4                ICFreeze
                0x00000000800045b8                ICUnfreeze
                0x00000000800045cc                ICBlockInvalidate
                0x00000000800045d4                ICSync
                0x00000000800045dc                L2Init
                0x0000000080004624                L2Enable
                0x0000000080004640                L2Disable
                0x0000000080004658                L2GlobalInvalidate
                0x00000000800046b0                __LCEnable
                0x000000008000477c                LCDisable
                0x00000000800047a4                LCAllocOneTag
                0x00000000800047b8                LCAllocTags
                0x00000000800047f8                LCLoadBlocks
                0x000000008000481c                LCStoreBlocks
 .text          0x0000000080004840      0x44c /home/vwii/devkitPro/libogc/lib/wii/libogc.a(lwp_handler.o)
                0x0000000080004840                _cpu_context_save_fp
                0x0000000080004980                _cpu_context_restore_fp
                0x0000000080004ac0                _cpu_context_switch
                0x0000000080004ba0                _cpu_context_save
                0x0000000080004c20                _cpu_context_restore
 .text          0x0000000080004c8c      0x1ac /home/vwii/devkitPro/libogc/lib/wii/libogc.a(irq_handler.o)
                0x0000000080004c8c                irq_exceptionhandler
 .text          0x0000000080004e38      0x118 /home/vwii/devkitPro/libogc/lib/wii/libogc.a(video_asm.o)
                0x0000000080004e38                __VIClearFramebuffer
 .text          0x0000000080004f50      0x4a0 /home/vwii/devkitPro/libogc/lib/wii/libogc.a(system_asm.o)
                0x0000000080004f50                __realmode
                0x0000000080004f68                __configBATS
                0x0000000080005098                __InitFPRS
                0x00000000800051c4                __InitPS
                0x0000000080005220                __InitCache
                0x0000000080005278                __InitSystem
                0x0000000080005300                __flush_cache
                0x0000000080005334                __reset
                0x00000000800053a4                __InitBATS
                0x00000000800053c0                SYS_SwitchFiber
 .text          0x00000000800053f0      0x1ac /home/vwii/devkitPro/libogc/lib/wii/libogc.a(decrementer_handler.o)
                0x00000000800053f0                dec_exceptionhandler
 .text          0x000000008000559c      0x35c /home/vwii/devkitPro/libogc/lib/wii/libogc.a(exception_handler.o)
                0x000000008000559c                exceptionhandler_start
                0x0000000080005618                exceptionhandler_patch
                0x000000008000564c                exceptionhandler_end
                0x0000000080005650                default_exceptionhandler
                0x0000000080005780                fpu_exceptionhandler
                0x00000000800058c8                systemcallhandler_start
                0x00000000800058f4                systemcallhandler_end
 .text          0x00000000800058f8       0x40 /home/vwii/devkitPro/devkitPPC/bin/../lib/gcc/powerpc-eabi/4.6.3/libgcc.a(_ashldi3.o)
                0x00000000800058f8                __ashldi3
 .text          0x0000000080005938      0x400 /home/vwii/devkitPro/devkitPPC/bin/../lib/gcc/powerpc-eabi/4.6.3/libgcc.a(_udivdi3.o)
                0x0000000080005938                __udivdi3
 .text          0x0000000080005d38      0x3d4 /home/vwii/devkitPro/devkitPPC/bin/../lib/gcc/powerpc-eabi/4.6.3/libgcc.a(_umoddi3.o)
                0x0000000080005d38                __umoddi3
 .text          0x000000008000610c       0x48 /home/vwii/devkitPro/devkitPPC/bin/../lib/gcc/powerpc-eabi/4.6.3/libgcc.a(eabi.o)
                0x000000008000610c                __eabi
 .text          0x0000000080006154       0x4c /home/vwii/devkitPro/devkitPPC/bin/../lib/gcc/powerpc-eabi/4.6.3/libgcc.a(crtsavgpr.o)
                0x0000000080006154                _savegpr_14
                0x0000000080006158                _savegpr_15
                0x000000008000615c                _savegpr_16
                0x0000000080006160                _savegpr_17
                0x0000000080006164                _savegpr_18
                0x0000000080006168                _savegpr_19
                0x000000008000616c                _savegpr_20
                0x0000000080006170                _savegpr_21
                0x0000000080006174                _savegpr_22
                0x0000000080006178                _savegpr_23
                0x000000008000617c                _savegpr_24
                0x0000000080006180                _savegpr_25
                0x0000000080006184                _savegpr_26
                0x0000000080006188                _savegpr_27
                0x000000008000618c                _savegpr_28
                0x0000000080006190                _savegpr_29
                0x0000000080006194                _savegpr_30
                0x0000000080006198                _savegpr_31
 .text          0x00000000800061a0       0x58 /home/vwii/devkitPro/devkitPPC/bin/../lib/gcc/powerpc-eabi/4.6.3/libgcc.a(crtresxgpr.o)
                0x00000000800061a0                _restgpr_14_x
                0x00000000800061a4                _restgpr_15_x
                0x00000000800061a8                _restgpr_16_x
                0x00000000800061ac                _restgpr_17_x
                0x00000000800061b0                _restgpr_18_x
                0x00000000800061b4                _restgpr_19_x
                0x00000000800061b8                _restgpr_20_x
                0x00000000800061bc                _restgpr_21_x
                0x00000000800061c0                _restgpr_22_x
                0x00000000800061c4                _restgpr_23_x
                0x00000000800061c8                _restgpr_24_x
                0x00000000800061cc                _restgpr_25_x
                0x00000000800061d0                _restgpr_26_x
                0x00000000800061d4                _restgpr_27_x
                0x00000000800061d8                _restgpr_28_x
                0x00000000800061dc                _restgpr_29_x
                0x00000000800061e0                _restgpr_30_x
                0x00000000800061e4                _restgpr_31_x
 .text          0x00000000800061f8       0x28 /home/vwii/devkitPro/devkitPPC/bin/../lib/gcc/powerpc-eabi/4.6.3/../../../../powerpc-eabi/lib/libsysbase.a(abort.o)
                0x00000000800061f8                abort
 .text          0x0000000080006220      0x2ec /home/vwii/devkitPro/devkitPPC/bin/../lib/gcc/powerpc-eabi/4.6.3/../../../../powerpc-eabi/lib/libsysbase.a(iosupport.o)
                0x0000000080006220                setDefaultDevice
                0x0000000080006238                FindDevice
                0x000000008000635c                RemoveDevice
                0x00000000800063ac                AddDevice
                0x00000000800064c8                GetDeviceOpTab
 .text          0x000000008000650c       0x28 /home/vwii/devkitPro/devkitPPC/bin/../lib/gcc/powerpc-eabi/4.6.3/../../../../powerpc-eabi/lib/libsysbase.a(_exit.o)
                0x000000008000650c                _exit
 .text          0x0000000080006534       0x90 /home/vwii/devkitPro/devkitPPC/bin/../lib/gcc/powerpc-eabi/4.6.3/../../../../powerpc-eabi/lib/libsysbase.a(build_argv.o)
                0x0000000080006534                build_argv
 .text          0x00000000800065c4      0x168 /home/vwii/devkitPro/devkitPPC/bin/../lib/gcc/powerpc-eabi/4.6.3/../../../../powerpc-eabi/lib/libsysbase.a(syscall_support.o)
                0x00000000800065c4                __libc_lock_init
                0x0000000080006604                __libc_lock_close
                0x0000000080006644                __libc_lock_release
                0x0000000080006684                __libc_lock_acquire
                0x00000000800066c4                __malloc_lock
                0x00000000800066f8                __malloc_unlock
 .text          0x000000008000672c       0x98 /home/vwii/devkitPro/devkitPPC/bin/../lib/gcc/powerpc-eabi/4.6.3/../../../../powerpc-eabi/lib/libsysbase.a(close.o)
                0x000000008000672c                _close_r
 .text          0x00000000800067c4       0xc8 /home/vwii/devkitPro/devkitPPC/bin/../lib/gcc/powerpc-eabi/4.6.3/../../../../powerpc-eabi/lib/libsysbase.a(fstat.o)
                0x00000000800067c4                _fstat_r
 .text          0x000000008000688c        0x8 /home/vwii/devkitPro/devkitPPC/bin/../lib/gcc/powerpc-eabi/4.6.3/../../../../powerpc-eabi/lib/libsysbase.a(isatty.o)
                0x000000008000688c                _isatty_r
 .text          0x0000000080006894       0xcc /home/vwii/devkitPro/devkitPPC/bin/../lib/gcc/powerpc-eabi/4.6.3/../../../../powerpc-eabi/lib/libsysbase.a(lseek.o)
                0x0000000080006894                _lseek_r
 .text          0x0000000080006960       0xac /home/vwii/devkitPro/devkitPPC/bin/../lib/gcc/powerpc-eabi/4.6.3/../../../../powerpc-eabi/lib/libsysbase.a(read.o)
                0x0000000080006960                _read_r
 .text          0x0000000080006a0c       0x50 /home/vwii/devkitPro/devkitPPC/bin/../lib/gcc/powerpc-eabi/4.6.3/../../../../powerpc-eabi/lib/libsysbase.a(sbrk.o)
                0x0000000080006a0c                _sbrk_r
 .text          0x0000000080006a5c       0xac /home/vwii/devkitPro/devkitPPC/bin/../lib/gcc/powerpc-eabi/4.6.3/../../../../powerpc-eabi/lib/libsysbase.a(write.o)
                0x0000000080006a5c                _write_r
 .text          0x0000000080006b08       0x6c /home/vwii/devkitPro/devkitPPC/bin/../lib/gcc/powerpc-eabi/4.6.3/../../../../powerpc-eabi/lib/libsysbase.a(flock.o)
                0x0000000080006b08                __flockfile
                0x0000000080006b50                __funlockfile
 .text          0x0000000080006b74      0x174 /home/vwii/devkitPro/devkitPPC/bin/../lib/gcc/powerpc-eabi/4.6.3/../../../../powerpc-eabi/lib/libsysbase.a(handle_manager.o)
                0x0000000080006b74                __release_handle
                0x0000000080006bd0                __alloc_handle
                0x0000000080006cc4                __get_handle
 .text          0x0000000080006ce8       0x6c /home/vwii/devkitPro/devkitPPC/bin/../lib/gcc/powerpc-eabi/4.6.3/crtend.o
 *(.text.*)
 .text.apply_patch.isra.0
                0x0000000080006d54      0x124 iospatch.o
 .text.IOSPATCH_Apply
                0x0000000080006e78      0x1e0 iospatch.o
                0x0000000080006e78                IOSPATCH_Apply
 .text.loadDOLfromNAND
                0x0000000080007058      0x274 main.o
                0x0000000080007058                loadDOLfromNAND
 .text.startup.main
                0x00000000800072cc      0x20c main.o
                0x00000000800072cc                main
 .text.__console_clear_line
                0x00000000800074d8       0x94 /home/vwii/devkitPro/libogc/lib/wii/libogc.a(console.o)
 .text.__console_clear
                0x000000008000756c       0x58 /home/vwii/devkitPro/libogc/lib/wii/libogc.a(console.o)
 .text.__console_write
                0x00000000800075c4      0x680 /home/vwii/devkitPro/libogc/lib/wii/libogc.a(console.o)
                0x00000000800075c4                __console_write
 .text.__console_init
                0x0000000080007c44      0x100 /home/vwii/devkitPro/libogc/lib/wii/libogc.a(console.o)
                0x0000000080007c44                __console_init
 .text.CON_Init
                0x0000000080007d44        0x4 /home/vwii/devkitPro/libogc/lib/wii/libogc.a(console.o)
                0x0000000080007d44                CON_Init
 .text.CON_EnableGecko
                0x0000000080007d48       0xa0 /home/vwii/devkitPro/libogc/lib/wii/libogc.a(console.o)
                0x0000000080007d48                CON_EnableGecko
 .text.__viOpenI2C
                0x0000000080007de8       0x24 /home/vwii/devkitPro/libogc/lib/wii/libogc.a(video.o)
 .text.__viSetSCL
                0x0000000080007e0c       0x24 /home/vwii/devkitPro/libogc/lib/wii/libogc.a(video.o)
 .text.__viSetSDA
                0x0000000080007e30       0x24 /home/vwii/devkitPro/libogc/lib/wii/libogc.a(video.o)
 .text.__setVerticalRegs
                0x0000000080007e54       0xc0 /home/vwii/devkitPro/libogc/lib/wii/libogc.a(video.o)
 .text.__adjustPosition
                0x0000000080007f14      0x174 /home/vwii/devkitPro/libogc/lib/wii/libogc.a(video.o)
 .text.__getCurrentHalfLine
                0x0000000080008088       0x58 /home/vwii/devkitPro/libogc/lib/wii/libogc.a(video.o)
 .text.__setFbbRegs.constprop.3
                0x00000000800080e0      0x1e8 /home/vwii/devkitPro/libogc/lib/wii/libogc.a(video.o)
 .text.__VISendI2CData.constprop.5
                0x00000000800082c8      0x278 /home/vwii/devkitPro/libogc/lib/wii/libogc.a(video.o)
 .text.__VIWriteI2CRegister8
                0x0000000080008540       0x38 /home/vwii/devkitPro/libogc/lib/wii/libogc.a(video.o)
 .text.__VISetYUVSEL
                0x0000000080008578       0x54 /home/vwii/devkitPro/libogc/lib/wii/libogc.a(video.o)
 .text.__VIWriteI2CRegisterBuf
                0x00000000800085cc       0x48 /home/vwii/devkitPro/libogc/lib/wii/libogc.a(video.o)
 .text.__VIWriteI2CRegister16
                0x0000000080008614       0x40 /home/vwii/devkitPro/libogc/lib/wii/libogc.a(video.o)
 .text.VIDEO_Configure
                0x0000000080008654      0x3e4 /home/vwii/devkitPro/libogc/lib/wii/libogc.a(video.o)
                0x0000000080008654                VIDEO_Configure
 .text.VIDEO_WaitVSync
                0x0000000080008a38       0x68 /home/vwii/devkitPro/libogc/lib/wii/libogc.a(video.o)
                0x0000000080008a38                VIDEO_WaitVSync
 .text.VIDEO_SetFramebuffer
                0x0000000080008aa0       0xfc /home/vwii/devkitPro/libogc/lib/wii/libogc.a(video.o)
                0x0000000080008aa0                VIDEO_SetFramebuffer
 .text.VIDEO_SetNextFramebuffer
                0x0000000080008b9c       0x64 /home/vwii/devkitPro/libogc/lib/wii/libogc.a(video.o)
                0x0000000080008b9c                VIDEO_SetNextFramebuffer
 .text.VIDEO_Flush
                0x0000000080008c00       0xf8 /home/vwii/devkitPro/libogc/lib/wii/libogc.a(video.o)
                0x0000000080008c00                VIDEO_Flush
 .text.VIDEO_SetBlack
                0x0000000080008cf8       0x88 /home/vwii/devkitPro/libogc/lib/wii/libogc.a(video.o)
                0x0000000080008cf8                VIDEO_SetBlack
 .text.VIDEO_GetCurrentTvMode
                0x0000000080008d80       0x70 /home/vwii/devkitPro/libogc/lib/wii/libogc.a(video.o)
                0x0000000080008d80                VIDEO_GetCurrentTvMode
 .text.VIDEO_Init
                0x0000000080008df0      0x554 /home/vwii/devkitPro/libogc/lib/wii/libogc.a(video.o)
                0x0000000080008df0                VIDEO_Init
 .text.__VIRetraceHandler
                0x0000000080009344      0x1f8 /home/vwii/devkitPro/libogc/lib/wii/libogc.a(video.o)
 .text.VIDEO_GetPreferredMode
                0x000000008000953c       0xf8 /home/vwii/devkitPro/libogc/lib/wii/libogc.a(video.o)
                0x000000008000953c                VIDEO_GetPreferredMode
 .text.VIDEO_GetCurrentLine
                0x0000000080009634       0x68 /home/vwii/devkitPro/libogc/lib/wii/libogc.a(video.o)
                0x0000000080009634                VIDEO_GetCurrentLine
 .text.VIDEO_GetFrameBufferSize
                0x000000008000969c       0x30 /home/vwii/devkitPro/libogc/lib/wii/libogc.a(video.o)
                0x000000008000969c                VIDEO_GetFrameBufferSize
 .text.VIDEO_ClearFrameBuffer
                0x00000000800096cc       0x38 /home/vwii/devkitPro/libogc/lib/wii/libogc.a(video.o)
                0x00000000800096cc                VIDEO_ClearFrameBuffer
 .text.__call_resetfuncs
                0x0000000080009704       0x8c /home/vwii/devkitPro/libogc/lib/wii/libogc.a(system.o)
 .text.__RSWDefaultHandler
                0x0000000080009790        0x4 /home/vwii/devkitPro/libogc/lib/wii/libogc.a(system.o)
 .text.__POWDefaultHandler
                0x0000000080009794        0x4 /home/vwii/devkitPro/libogc/lib/wii/libogc.a(system.o)
 .text.__locksram
                0x0000000080009798       0x68 /home/vwii/devkitPro/libogc/lib/wii/libogc.a(system.o)
 .text.__lwp_thread_dispatchenable
                0x0000000080009800       0x34 /home/vwii/devkitPro/libogc/lib/wii/libogc.a(system.o)
 .text.__lwp_wd_insert_ticks
                0x0000000080009834       0x68 /home/vwii/devkitPro/libogc/lib/wii/libogc.a(system.o)
 .text.__lwp_syswd_open
                0x000000008000989c       0x48 /home/vwii/devkitPro/libogc/lib/wii/libogc.a(system.o)
 .text.__sys_alarmhandler
                0x00000000800098e4       0x94 /home/vwii/devkitPro/libogc/lib/wii/libogc.a(system.o)
 .text.__sram_write
                0x0000000080009978       0xfc /home/vwii/devkitPro/libogc/lib/wii/libogc.a(system.o)
 .text.__unlocksram
                0x0000000080009a74      0x100 /home/vwii/devkitPro/libogc/lib/wii/libogc.a(system.o)
 .text.__sram_writecallback
                0x0000000080009b74       0x4c /home/vwii/devkitPro/libogc/lib/wii/libogc.a(system.o)
 .text.__sram_init
                0x0000000080009bc0      0x130 /home/vwii/devkitPro/libogc/lib/wii/libogc.a(system.o)
                0x0000000080009bc0                __sram_init
 .text.__SYS_LockSramEx
                0x0000000080009cf0        0x8 /home/vwii/devkitPro/libogc/lib/wii/libogc.a(system.o)
                0x0000000080009cf0                __SYS_LockSramEx
 .text.__SYS_UnlockSramEx
                0x0000000080009cf8        0x8 /home/vwii/devkitPro/libogc/lib/wii/libogc.a(system.o)
                0x0000000080009cf8                __SYS_UnlockSramEx
 .text.__SYS_GetIPCBufferLo
                0x0000000080009d00        0x8 /home/vwii/devkitPro/libogc/lib/wii/libogc.a(system.o)
                0x0000000080009d00                __SYS_GetIPCBufferLo
 .text.__SYS_GetIPCBufferHi
                0x0000000080009d08        0x8 /home/vwii/devkitPro/libogc/lib/wii/libogc.a(system.o)
                0x0000000080009d08                __SYS_GetIPCBufferHi
 .text._V_EXPORTNAME
                0x0000000080009d10       0x1c /home/vwii/devkitPro/libogc/lib/wii/libogc.a(system.o)
                0x0000000080009d10                _V_EXPORTNAME
 .text.__SYS_InitCallbacks
                0x0000000080009d2c       0x24 /home/vwii/devkitPro/libogc/lib/wii/libogc.a(system.o)
                0x0000000080009d2c                __SYS_InitCallbacks
 .text.__SYS_PreInit
                0x0000000080009d50        0x4 /home/vwii/devkitPro/libogc/lib/wii/libogc.a(system.o)
                0x0000000080009d50                __SYS_PreInit
 .text.SYS_PreMain
                0x0000000080009d54       0x50 /home/vwii/devkitPro/libogc/lib/wii/libogc.a(system.o)
                0x0000000080009d54                SYS_PreMain
 .text.SYS_ResetButtonDown
                0x0000000080009da4       0x1c /home/vwii/devkitPro/libogc/lib/wii/libogc.a(system.o)
                0x0000000080009da4                SYS_ResetButtonDown
 .text.__STMEventHandler
                0x0000000080009dc0       0xac /home/vwii/devkitPro/libogc/lib/wii/libogc.a(system.o)
 .text.SYS_ResetSystem
                0x0000000080009e6c      0x1f4 /home/vwii/devkitPro/libogc/lib/wii/libogc.a(system.o)
                0x0000000080009e6c                SYS_ResetSystem
 .text.__libogc_exit
                0x000000008000a060       0x84 /home/vwii/devkitPro/libogc/lib/wii/libogc.a(system.o)
                0x000000008000a060                __libogc_exit
 .text.__reload
                0x000000008000a0e4       0x7c /home/vwii/devkitPro/libogc/lib/wii/libogc.a(system.o)
                0x000000008000a0e4                __reload
 .text.SYS_RegisterResetFunc
                0x000000008000a160       0x80 /home/vwii/devkitPro/libogc/lib/wii/libogc.a(system.o)
                0x000000008000a160                SYS_RegisterResetFunc
 .text.SYS_SetArena1Lo
                0x000000008000a1e0       0x3c /home/vwii/devkitPro/libogc/lib/wii/libogc.a(system.o)
                0x000000008000a1e0                SYS_SetArena1Lo
 .text.SYS_GetArena1Lo
                0x000000008000a21c       0x3c /home/vwii/devkitPro/libogc/lib/wii/libogc.a(system.o)
                0x000000008000a21c                SYS_GetArena1Lo
 .text.SYS_SetArena1Hi
                0x000000008000a258       0x3c /home/vwii/devkitPro/libogc/lib/wii/libogc.a(system.o)
                0x000000008000a258                SYS_SetArena1Hi
 .text.SYS_GetArena1Hi
                0x000000008000a294       0x3c /home/vwii/devkitPro/libogc/lib/wii/libogc.a(system.o)
                0x000000008000a294                SYS_GetArena1Hi
 .text.SYS_SetArena2Lo
                0x000000008000a2d0       0x3c /home/vwii/devkitPro/libogc/lib/wii/libogc.a(system.o)
                0x000000008000a2d0                SYS_SetArena2Lo
 .text.SYS_GetArena2Lo
                0x000000008000a30c       0x3c /home/vwii/devkitPro/libogc/lib/wii/libogc.a(system.o)
                0x000000008000a30c                SYS_GetArena2Lo
 .text.SYS_SetArena2Hi
                0x000000008000a348       0x3c /home/vwii/devkitPro/libogc/lib/wii/libogc.a(system.o)
                0x000000008000a348                SYS_SetArena2Hi
 .text.SYS_Init
                0x000000008000a384      0x444 /home/vwii/devkitPro/libogc/lib/wii/libogc.a(system.o)
                0x000000008000a384                SYS_Init
 .text.SYS_GetArena2Hi
                0x000000008000a7c8       0x3c /home/vwii/devkitPro/libogc/lib/wii/libogc.a(system.o)
                0x000000008000a7c8                SYS_GetArena2Hi
 .text.SYS_AllocateFramebuffer
                0x000000008000a804       0x2c /home/vwii/devkitPro/libogc/lib/wii/libogc.a(system.o)
                0x000000008000a804                SYS_AllocateFramebuffer
 .text.SYS_CreateAlarm
                0x000000008000a830       0xa8 /home/vwii/devkitPro/libogc/lib/wii/libogc.a(system.o)
                0x000000008000a830                SYS_CreateAlarm
 .text.SYS_SetAlarm
                0x000000008000a8d8       0xd4 /home/vwii/devkitPro/libogc/lib/wii/libogc.a(system.o)
                0x000000008000a8d8                SYS_SetAlarm
 .text.SYS_CancelAlarm
                0x000000008000a9ac       0x70 /home/vwii/devkitPro/libogc/lib/wii/libogc.a(system.o)
                0x000000008000a9ac                SYS_CancelAlarm
 .text.SYS_SetWirelessID
                0x000000008000aa1c       0x58 /home/vwii/devkitPro/libogc/lib/wii/libogc.a(system.o)
                0x000000008000aa1c                SYS_SetWirelessID
 .text.SYS_GetWirelessID
                0x000000008000aa74       0x40 /home/vwii/devkitPro/libogc/lib/wii/libogc.a(system.o)
                0x000000008000aa74                SYS_GetWirelessID
 .text.SYS_GetHollywoodRevision
                0x000000008000aab4       0x34 /home/vwii/devkitPro/libogc/lib/wii/libogc.a(system.o)
                0x000000008000aab4                SYS_GetHollywoodRevision
 .text.__lwp_cond_init
                0x000000008000aae8       0x30 /home/vwii/devkitPro/libogc/lib/wii/libogc.a(cond.o)
                0x000000008000aae8                __lwp_cond_init
 .text.__decrementer_init
                0x000000008000ab18        0x4 /home/vwii/devkitPro/libogc/lib/wii/libogc.a(decrementer.o)
                0x000000008000ab18                __decrementer_init
 .text.c_decrementer_handler
                0x000000008000ab1c       0x28 /home/vwii/devkitPro/libogc/lib/wii/libogc.a(decrementer.o)
                0x000000008000ab1c                c_decrementer_handler
 .text.__lwp_mqbox_init
                0x000000008000ab44       0x30 /home/vwii/devkitPro/libogc/lib/wii/libogc.a(message.o)
                0x000000008000ab44                __lwp_mqbox_init
 .text.__si_transfer
                0x000000008000ab74      0x148 /home/vwii/devkitPro/libogc/lib/wii/libogc.a(si.o)
 .text.__si_alarmhandler
                0x000000008000acbc       0x8c /home/vwii/devkitPro/libogc/lib/wii/libogc.a(si.o)
 .text.__si_calltypandstatuscallback
                0x000000008000ad48       0x64 /home/vwii/devkitPro/libogc/lib/wii/libogc.a(si.o)
 .text.__si_completetransfer
                0x000000008000adac      0x1c0 /home/vwii/devkitPro/libogc/lib/wii/libogc.a(si.o)
 .text.__si_transfernext
                0x000000008000af6c       0xb4 /home/vwii/devkitPro/libogc/lib/wii/libogc.a(si.o)
 .text.SI_Busy  0x000000008000b020       0x1c /home/vwii/devkitPro/libogc/lib/wii/libogc.a(si.o)
                0x000000008000b020                SI_Busy
 .text.SI_IsChanBusy
                0x000000008000b03c       0x38 /home/vwii/devkitPro/libogc/lib/wii/libogc.a(si.o)
                0x000000008000b03c                SI_IsChanBusy
 .text.SI_SetXY
                0x000000008000b074       0x68 /home/vwii/devkitPro/libogc/lib/wii/libogc.a(si.o)
                0x000000008000b074                SI_SetXY
 .text.SI_EnablePolling
                0x000000008000b0dc       0x80 /home/vwii/devkitPro/libogc/lib/wii/libogc.a(si.o)
                0x000000008000b0dc                SI_EnablePolling
 .text.SI_DisablePolling
                0x000000008000b15c       0x5c /home/vwii/devkitPro/libogc/lib/wii/libogc.a(si.o)
                0x000000008000b15c                SI_DisablePolling
 .text.SI_SetSamplingRate
                0x000000008000b1b8       0xbc /home/vwii/devkitPro/libogc/lib/wii/libogc.a(si.o)
                0x000000008000b1b8                SI_SetSamplingRate
 .text.SI_RefreshSamplingRate
                0x000000008000b274        0x8 /home/vwii/devkitPro/libogc/lib/wii/libogc.a(si.o)
                0x000000008000b274                SI_RefreshSamplingRate
 .text.SI_GetStatus
                0x000000008000b27c       0x80 /home/vwii/devkitPro/libogc/lib/wii/libogc.a(si.o)
                0x000000008000b27c                SI_GetStatus
 .text.SI_GetResponseRaw
                0x000000008000b2fc       0x7c /home/vwii/devkitPro/libogc/lib/wii/libogc.a(si.o)
                0x000000008000b2fc                SI_GetResponseRaw
 .text.SI_GetResponse
                0x000000008000b378       0x98 /home/vwii/devkitPro/libogc/lib/wii/libogc.a(si.o)
                0x000000008000b378                SI_GetResponse
 .text.SI_SetCommand
                0x000000008000b410       0x10 /home/vwii/devkitPro/libogc/lib/wii/libogc.a(si.o)
                0x000000008000b410                SI_SetCommand
 .text.SI_Transfer
                0x000000008000b420      0x1d0 /home/vwii/devkitPro/libogc/lib/wii/libogc.a(si.o)
                0x000000008000b420                SI_Transfer
 .text.__si_interrupthandler
                0x000000008000b5f0      0x1e0 /home/vwii/devkitPro/libogc/lib/wii/libogc.a(si.o)
 .text.__si_gettypecallback
                0x000000008000b7d0      0x1f8 /home/vwii/devkitPro/libogc/lib/wii/libogc.a(si.o)
 .text.SI_GetType
                0x000000008000b9c8      0x184 /home/vwii/devkitPro/libogc/lib/wii/libogc.a(si.o)
                0x000000008000b9c8                SI_GetType
 .text.SI_GetTypeAsync
                0x000000008000bb4c       0xf4 /home/vwii/devkitPro/libogc/lib/wii/libogc.a(si.o)
                0x000000008000bb4c                SI_GetTypeAsync
 .text.SI_EnablePollingInterrupt
                0x000000008000bc40       0x90 /home/vwii/devkitPro/libogc/lib/wii/libogc.a(si.o)
                0x000000008000bc40                SI_EnablePollingInterrupt
 .text.SI_UnregisterPollingHandler
                0x000000008000bcd0       0xe4 /home/vwii/devkitPro/libogc/lib/wii/libogc.a(si.o)
                0x000000008000bcd0                SI_UnregisterPollingHandler
 .text.SI_RegisterPollingHandler
                0x000000008000bdb4       0xec /home/vwii/devkitPro/libogc/lib/wii/libogc.a(si.o)
                0x000000008000bdb4                SI_RegisterPollingHandler
 .text.__si_init
                0x000000008000bea0       0xe4 /home/vwii/devkitPro/libogc/lib/wii/libogc.a(si.o)
                0x000000008000bea0                __si_init
 .text.__ipc_sendrequest
                0x000000008000bf84       0xe0 /home/vwii/devkitPro/libogc/lib/wii/libogc.a(ipc.o)
 .text.__ipc_syncrequest
                0x000000008000c064       0xc8 /home/vwii/devkitPro/libogc/lib/wii/libogc.a(ipc.o)
 .text.iosAlloc
                0x000000008000c12c       0x4c /home/vwii/devkitPro/libogc/lib/wii/libogc.a(ipc.o)
                0x000000008000c12c                iosAlloc
 .text.__ipc_allocreq
                0x000000008000c178        0xc /home/vwii/devkitPro/libogc/lib/wii/libogc.a(ipc.o)
 .text.iosFree  0x000000008000c184       0x44 /home/vwii/devkitPro/libogc/lib/wii/libogc.a(ipc.o)
                0x000000008000c184                iosFree
 .text.__ipc_freereq
                0x000000008000c1c8        0xc /home/vwii/devkitPro/libogc/lib/wii/libogc.a(ipc.o)
 .text.__ipc_asyncrequest
                0x000000008000c1d4       0xfc /home/vwii/devkitPro/libogc/lib/wii/libogc.a(ipc.o)
 .text.__ipc_interrupthandler
                0x000000008000c2d0      0x29c /home/vwii/devkitPro/libogc/lib/wii/libogc.a(ipc.o)
 .text.__ios_ioctlvformat_parse
                0x000000008000c56c      0x6fc /home/vwii/devkitPro/libogc/lib/wii/libogc.a(ipc.o)
 .text.__ioctlvfmtCB
                0x000000008000cc68       0xc4 /home/vwii/devkitPro/libogc/lib/wii/libogc.a(ipc.o)
 .text.IPC_SetBufferLo
                0x000000008000cd2c       0x14 /home/vwii/devkitPro/libogc/lib/wii/libogc.a(ipc.o)
                0x000000008000cd2c                IPC_SetBufferLo
 .text.iosCreateHeap
                0x000000008000cd40       0xf0 /home/vwii/devkitPro/libogc/lib/wii/libogc.a(ipc.o)
                0x000000008000cd40                iosCreateHeap
 .text.__IPC_Init
                0x000000008000ce30       0x48 /home/vwii/devkitPro/libogc/lib/wii/libogc.a(ipc.o)
                0x000000008000ce30                __IPC_Init
 .text.__IPC_ClntInit
                0x000000008000ce78       0x90 /home/vwii/devkitPro/libogc/lib/wii/libogc.a(ipc.o)
                0x000000008000ce78                __IPC_ClntInit
 .text.IOS_Open
                0x000000008000cf08       0x88 /home/vwii/devkitPro/libogc/lib/wii/libogc.a(ipc.o)
                0x000000008000cf08                IOS_Open
 .text.IOS_Close
                0x000000008000cf90       0x58 /home/vwii/devkitPro/libogc/lib/wii/libogc.a(ipc.o)
                0x000000008000cf90                IOS_Close
 .text.IOS_Read
                0x000000008000cfe8       0x7c /home/vwii/devkitPro/libogc/lib/wii/libogc.a(ipc.o)
                0x000000008000cfe8                IOS_Read
 .text.IOS_Write
                0x000000008000d064       0x7c /home/vwii/devkitPro/libogc/lib/wii/libogc.a(ipc.o)
                0x000000008000d064                IOS_Write
 .text.IOS_Seek
                0x000000008000d0e0       0x68 /home/vwii/devkitPro/libogc/lib/wii/libogc.a(ipc.o)
                0x000000008000d0e0                IOS_Seek
 .text.IOS_Ioctl
                0x000000008000d148       0xa4 /home/vwii/devkitPro/libogc/lib/wii/libogc.a(ipc.o)
                0x000000008000d148                IOS_Ioctl
 .text.IOS_IoctlAsync
                0x000000008000d1ec       0xb0 /home/vwii/devkitPro/libogc/lib/wii/libogc.a(ipc.o)
                0x000000008000d1ec                IOS_IoctlAsync
 .text.IOS_Ioctlv
                0x000000008000d29c      0x124 /home/vwii/devkitPro/libogc/lib/wii/libogc.a(ipc.o)
                0x000000008000d29c                IOS_Ioctlv
 .text.IOS_IoctlvFormat
                0x000000008000d3c0      0x108 /home/vwii/devkitPro/libogc/lib/wii/libogc.a(ipc.o)
                0x000000008000d3c0                IOS_IoctlvFormat
 .text.IOS_IoctlvReboot
                0x000000008000d4c8      0x128 /home/vwii/devkitPro/libogc/lib/wii/libogc.a(ipc.o)
                0x000000008000d4c8                IOS_IoctlvReboot
 .text.IOS_IoctlvRebootBackground
                0x000000008000d5f0      0x12c /home/vwii/devkitPro/libogc/lib/wii/libogc.a(ipc.o)
                0x000000008000d5f0                IOS_IoctlvRebootBackground
 .text.__time_exi_unlock
                0x000000008000d71c       0x28 /home/vwii/devkitPro/libogc/lib/wii/libogc.a(timesupp.o)
 .text.__getrtc
                0x000000008000d744       0xd8 /home/vwii/devkitPro/libogc/lib/wii/libogc.a(timesupp.o)
 .text.gettick  0x000000008000d81c        0x8 /home/vwii/devkitPro/libogc/lib/wii/libogc.a(timesupp.o)
                0x000000008000d81c                gettick
 .text.gettime  0x000000008000d824       0x18 /home/vwii/devkitPro/libogc/lib/wii/libogc.a(timesupp.o)
                0x000000008000d824                gettime
 .text.diff_usec
                0x000000008000d83c       0x80 /home/vwii/devkitPro/libogc/lib/wii/libogc.a(timesupp.o)
                0x000000008000d83c                diff_usec
 .text.__timesystem_init
                0x000000008000d8bc       0x38 /home/vwii/devkitPro/libogc/lib/wii/libogc.a(timesupp.o)
                0x000000008000d8bc                __timesystem_init
 .text.udelay   0x000000008000d8f4       0x48 /home/vwii/devkitPro/libogc/lib/wii/libogc.a(timesupp.o)
                0x000000008000d8f4                udelay
 .text.time     0x000000008000d93c       0xf0 /home/vwii/devkitPro/libogc/lib/wii/libogc.a(timesupp.o)
                0x000000008000d93c                time
 .text.__libogc_gettod_r
                0x000000008000da2c       0x64 /home/vwii/devkitPro/libogc/lib/wii/libogc.a(timesupp.o)
                0x000000008000da2c                __libogc_gettod_r
 .text.__libogc_lock_init
                0x000000008000da90       0x5c /home/vwii/devkitPro/libogc/lib/wii/libogc.a(lock_supp.o)
                0x000000008000da90                __libogc_lock_init
 .text.__libogc_lock_close
                0x000000008000daec       0x48 /home/vwii/devkitPro/libogc/lib/wii/libogc.a(lock_supp.o)
                0x000000008000daec                __libogc_lock_close
 .text.__libogc_lock_acquire
                0x000000008000db34       0x40 /home/vwii/devkitPro/libogc/lib/wii/libogc.a(lock_supp.o)
                0x000000008000db34                __libogc_lock_acquire
 .text.__libogc_lock_release
                0x000000008000db74       0x40 /home/vwii/devkitPro/libogc/lib/wii/libogc.a(lock_supp.o)
                0x000000008000db74                __libogc_lock_release
 .text.__libc_create_hook
                0x000000008000dbb4       0x10 /home/vwii/devkitPro/libogc/lib/wii/libogc.a(newlibc.o)
                0x000000008000dbb4                __libc_create_hook
 .text.__libc_start_hook
                0x000000008000dbc4      0x18c /home/vwii/devkitPro/libogc/lib/wii/libogc.a(newlibc.o)
                0x000000008000dbc4                __libc_start_hook
 .text.__libc_delete_hook
                0x000000008000dd50       0x78 /home/vwii/devkitPro/libogc/lib/wii/libogc.a(newlibc.o)
                0x000000008000dd50                __libc_delete_hook
 .text.__libc_init
                0x000000008000ddc8       0xb8 /home/vwii/devkitPro/libogc/lib/wii/libogc.a(newlibc.o)
                0x000000008000ddc8                __libc_init
 .text.__usbgecko_exi_wait
                0x000000008000de80       0xb4 /home/vwii/devkitPro/libogc/lib/wii/libogc.a(usbgecko.o)
 .text.__usbgecko_exi_unlock
                0x000000008000df34       0x30 /home/vwii/devkitPro/libogc/lib/wii/libogc.a(usbgecko.o)
 .text.__send_command
                0x000000008000df64       0x8c /home/vwii/devkitPro/libogc/lib/wii/libogc.a(usbgecko.o)
 .text.__usb_sendbyte
                0x000000008000dff0       0x44 /home/vwii/devkitPro/libogc/lib/wii/libogc.a(usbgecko.o)
 .text.__usb_checksend
                0x000000008000e034       0x3c /home/vwii/devkitPro/libogc/lib/wii/libogc.a(usbgecko.o)
                0x000000008000e034                __usb_checksend
 .text.usb_isgeckoalive
                0x000000008000e070       0x90 /home/vwii/devkitPro/libogc/lib/wii/libogc.a(usbgecko.o)
                0x000000008000e070                usb_isgeckoalive
 .text.usb_sendbuffer_ex
                0x000000008000e100       0x74 /home/vwii/devkitPro/libogc/lib/wii/libogc.a(usbgecko.o)
                0x000000008000e100                usb_sendbuffer_ex
 .text.usb_sendbuffer
                0x000000008000e174        0x8 /home/vwii/devkitPro/libogc/lib/wii/libogc.a(usbgecko.o)
                0x000000008000e174                usb_sendbuffer
 .text.usb_sendbuffer_safe_ex
                0x000000008000e17c       0x84 /home/vwii/devkitPro/libogc/lib/wii/libogc.a(usbgecko.o)
                0x000000008000e17c                usb_sendbuffer_safe_ex
 .text.usb_sendbuffer_safe
                0x000000008000e200        0x8 /home/vwii/devkitPro/libogc/lib/wii/libogc.a(usbgecko.o)
                0x000000008000e200                usb_sendbuffer_safe
 .text.__libogc_sbrk_r
                0x000000008000e208      0x164 /home/vwii/devkitPro/libogc/lib/wii/libogc.a(sbrk.o)
                0x000000008000e208                __libogc_sbrk_r
 .text.__lwp_thread_dispatchdisable
                0x000000008000e36c       0x10 /home/vwii/devkitPro/libogc/lib/wii/libogc.a(malloc_lock.o)
 .text.__lwp_thread_dispatchenable
                0x000000008000e37c       0x34 /home/vwii/devkitPro/libogc/lib/wii/libogc.a(malloc_lock.o)
 .text.__memlock_init
                0x000000008000e3b0       0x64 /home/vwii/devkitPro/libogc/lib/wii/libogc.a(malloc_lock.o)
                0x000000008000e3b0                __memlock_init
 .text.__libogc_malloc_lock
                0x000000008000e414      0x1c8 /home/vwii/devkitPro/libogc/lib/wii/libogc.a(malloc_lock.o)
                0x000000008000e414                __libogc_malloc_lock
 .text.__libogc_malloc_unlock
                0x000000008000e5dc       0x48 /home/vwii/devkitPro/libogc/lib/wii/libogc.a(malloc_lock.o)
                0x000000008000e5dc                __libogc_malloc_unlock
 .text.__STM_SetEventHook
                0x000000008000e624       0x9c /home/vwii/devkitPro/libogc/lib/wii/libogc.a(stm.o)
                0x000000008000e624                __STM_SetEventHook
 .text.__STMEventHandler
                0x000000008000e6c0       0x60 /home/vwii/devkitPro/libogc/lib/wii/libogc.a(stm.o)
 .text.__STM_Init
                0x000000008000e720       0x84 /home/vwii/devkitPro/libogc/lib/wii/libogc.a(stm.o)
                0x000000008000e720                __STM_Init
 .text.__STM_ReleaseEventHook
                0x000000008000e7a4       0x78 /home/vwii/devkitPro/libogc/lib/wii/libogc.a(stm.o)
                0x000000008000e7a4                __STM_ReleaseEventHook
 .text.__STM_Close
                0x000000008000e81c       0x78 /home/vwii/devkitPro/libogc/lib/wii/libogc.a(stm.o)
                0x000000008000e81c                __STM_Close
 .text.STM_RegisterEventHandler
                0x000000008000e894       0x10 /home/vwii/devkitPro/libogc/lib/wii/libogc.a(stm.o)
                0x000000008000e894                STM_RegisterEventHandler
 .text.STM_ShutdownToStandby
                0x000000008000e8a4       0x68 /home/vwii/devkitPro/libogc/lib/wii/libogc.a(stm.o)
                0x000000008000e8a4                STM_ShutdownToStandby
 .text.STM_ShutdownToIdle
                0x000000008000e90c       0x70 /home/vwii/devkitPro/libogc/lib/wii/libogc.a(stm.o)
                0x000000008000e90c                STM_ShutdownToIdle
 .text.STM_SetLedMode
                0x000000008000e97c       0x58 /home/vwii/devkitPro/libogc/lib/wii/libogc.a(stm.o)
                0x000000008000e97c                STM_SetLedMode
 .text.STM_RebootSystem
                0x000000008000e9d4       0x68 /home/vwii/devkitPro/libogc/lib/wii/libogc.a(stm.o)
                0x000000008000e9d4                STM_RebootSystem
 .text.__IOS_InitializeSubsystems
                0x000000008000ea3c       0x40 /home/vwii/devkitPro/libogc/lib/wii/libogc.a(ios.o)
                0x000000008000ea3c                __IOS_InitializeSubsystems
 .text.__IOS_ShutdownSubsystems
                0x000000008000ea7c       0x40 /home/vwii/devkitPro/libogc/lib/wii/libogc.a(ios.o)
                0x000000008000ea7c                __IOS_ShutdownSubsystems
 .text.__IOS_LoadStartupIOS
                0x000000008000eabc        0x8 /home/vwii/devkitPro/libogc/lib/wii/libogc.a(ios.o)
                0x000000008000eabc                __IOS_LoadStartupIOS
 .text._ES_fillstat
                0x000000008000eac4      0x118 /home/vwii/devkitPro/libogc/lib/wii/libogc.a(es.o)
 .text._ES_fstat_r
                0x000000008000ebdc       0x70 /home/vwii/devkitPro/libogc/lib/wii/libogc.a(es.o)
 .text.__ES_Init
                0x000000008000ec4c       0x70 /home/vwii/devkitPro/libogc/lib/wii/libogc.a(es.o)
                0x000000008000ec4c                __ES_Init
 .text.__ES_Close
                0x000000008000ecbc       0x54 /home/vwii/devkitPro/libogc/lib/wii/libogc.a(es.o)
                0x000000008000ecbc                __ES_Close
 .text.ES_GetTitleID
                0x000000008000ed10       0x70 /home/vwii/devkitPro/libogc/lib/wii/libogc.a(es.o)
                0x000000008000ed10                ES_GetTitleID
 .text.ES_LaunchTitle
                0x000000008000ed80       0x9c /home/vwii/devkitPro/libogc/lib/wii/libogc.a(es.o)
                0x000000008000ed80                ES_LaunchTitle
 .text.ES_LaunchTitleBackground
                0x000000008000ee1c       0x9c /home/vwii/devkitPro/libogc/lib/wii/libogc.a(es.o)
                0x000000008000ee1c                ES_LaunchTitleBackground
 .text.ES_GetNumTicketViews
                0x000000008000eeb8       0x70 /home/vwii/devkitPro/libogc/lib/wii/libogc.a(es.o)
                0x000000008000eeb8                ES_GetNumTicketViews
 .text.ES_GetTicketViews
                0x000000008000ef28       0x7c /home/vwii/devkitPro/libogc/lib/wii/libogc.a(es.o)
                0x000000008000ef28                ES_GetTicketViews
 .text.ES_GetStoredTMDSize
                0x000000008000efa4       0x70 /home/vwii/devkitPro/libogc/lib/wii/libogc.a(es.o)
                0x000000008000efa4                ES_GetStoredTMDSize
 .text.ES_GetStoredTMD
                0x000000008000f014       0x84 /home/vwii/devkitPro/libogc/lib/wii/libogc.a(es.o)
                0x000000008000f014                ES_GetStoredTMD
 .text._ES_decodepath
                0x000000008000f098      0x2b0 /home/vwii/devkitPro/libogc/lib/wii/libogc.a(es.o)
 .text._ES_stat_r
                0x000000008000f348       0x54 /home/vwii/devkitPro/libogc/lib/wii/libogc.a(es.o)
 .text.ES_OpenContent
                0x000000008000f39c       0x48 /home/vwii/devkitPro/libogc/lib/wii/libogc.a(es.o)
                0x000000008000f39c                ES_OpenContent
 .text.ES_OpenTitleContent
                0x000000008000f3e4       0x64 /home/vwii/devkitPro/libogc/lib/wii/libogc.a(es.o)
                0x000000008000f3e4                ES_OpenTitleContent
 .text._ES_open_r
                0x000000008000f448      0x114 /home/vwii/devkitPro/libogc/lib/wii/libogc.a(es.o)
 .text.ES_ReadContent
                0x000000008000f55c       0x78 /home/vwii/devkitPro/libogc/lib/wii/libogc.a(es.o)
                0x000000008000f55c                ES_ReadContent
 .text._ES_read_r
                0x000000008000f5d4      0x120 /home/vwii/devkitPro/libogc/lib/wii/libogc.a(es.o)
 .text.ES_SeekContent
                0x000000008000f6f4       0x5c /home/vwii/devkitPro/libogc/lib/wii/libogc.a(es.o)
                0x000000008000f6f4                ES_SeekContent
 .text._ES_seek_r
                0x000000008000f750       0x8c /home/vwii/devkitPro/libogc/lib/wii/libogc.a(es.o)
 .text.ES_CloseContent
                0x000000008000f7dc       0x54 /home/vwii/devkitPro/libogc/lib/wii/libogc.a(es.o)
                0x000000008000f7dc                ES_CloseContent
 .text._ES_close_r
                0x000000008000f830       0x78 /home/vwii/devkitPro/libogc/lib/wii/libogc.a(es.o)
 .text.ISFS_Initialize
                0x000000008000f8a8       0x68 /home/vwii/devkitPro/libogc/lib/wii/libogc.a(isfs.o)
                0x000000008000f8a8                ISFS_Initialize
 .text.ISFS_Open
                0x000000008000f910       0x90 /home/vwii/devkitPro/libogc/lib/wii/libogc.a(isfs.o)
                0x000000008000f910                ISFS_Open
 .text.ISFS_Read
                0x000000008000f9a0       0x44 /home/vwii/devkitPro/libogc/lib/wii/libogc.a(isfs.o)
                0x000000008000f9a0                ISFS_Read
 .text.ISFS_Seek
                0x000000008000f9e4       0x20 /home/vwii/devkitPro/libogc/lib/wii/libogc.a(isfs.o)
                0x000000008000f9e4                ISFS_Seek
 .text.ISFS_Close
                0x000000008000fa04       0x34 /home/vwii/devkitPro/libogc/lib/wii/libogc.a(isfs.o)
                0x000000008000fa04                ISFS_Close
 .text.ISFS_GetFileStats
                0x000000008000fa38       0x4c /home/vwii/devkitPro/libogc/lib/wii/libogc.a(isfs.o)
                0x000000008000fa38                ISFS_GetFileStats
 .text.__CheckARGV
                0x000000008000fa84       0x78 /home/vwii/devkitPro/libogc/lib/wii/libogc.a(argv.o)
                0x000000008000fa84                __CheckARGV
 .text.__CONF_DecryptTextBuffer
                0x000000008000fafc       0x38 /home/vwii/devkitPro/libogc/lib/wii/libogc.a(conf.o)
                0x000000008000fafc                __CONF_DecryptTextBuffer
 .text.CONF_Init
                0x000000008000fb34      0x104 /home/vwii/devkitPro/libogc/lib/wii/libogc.a(conf.o)
                0x000000008000fb34                CONF_Init
 .text.__CONF_GetTxt
                0x000000008000fc38      0x108 /home/vwii/devkitPro/libogc/lib/wii/libogc.a(conf.o)
                0x000000008000fc38                __CONF_GetTxt
 .text.__CONF_Find
                0x000000008000fd40       0x88 /home/vwii/devkitPro/libogc/lib/wii/libogc.a(conf.o)
                0x000000008000fd40                __CONF_Find
 .text.CONF_GetLength
                0x000000008000fdc8       0xbc /home/vwii/devkitPro/libogc/lib/wii/libogc.a(conf.o)
                0x000000008000fdc8                CONF_GetLength
 .text.CONF_Get
                0x000000008000fe84       0xf0 /home/vwii/devkitPro/libogc/lib/wii/libogc.a(conf.o)
                0x000000008000fe84                CONF_Get
 .text.CONF_GetShutdownMode
                0x000000008000ff74       0x58 /home/vwii/devkitPro/libogc/lib/wii/libogc.a(conf.o)
                0x000000008000ff74                CONF_GetShutdownMode
 .text.CONF_GetIdleLedMode
                0x000000008000ffcc       0x58 /home/vwii/devkitPro/libogc/lib/wii/libogc.a(conf.o)
                0x000000008000ffcc                CONF_GetIdleLedMode
 .text.CONF_GetProgressiveScan
                0x0000000080010024       0x54 /home/vwii/devkitPro/libogc/lib/wii/libogc.a(conf.o)
                0x0000000080010024                CONF_GetProgressiveScan
 .text.CONF_GetEuRGB60
                0x0000000080010078       0x54 /home/vwii/devkitPro/libogc/lib/wii/libogc.a(conf.o)
                0x0000000080010078                CONF_GetEuRGB60
 .text.CONF_GetCounterBias
                0x00000000800100cc       0x4c /home/vwii/devkitPro/libogc/lib/wii/libogc.a(conf.o)
                0x00000000800100cc                CONF_GetCounterBias
 .text.CONF_GetDisplayOffsetH
                0x0000000080010118       0x4c /home/vwii/devkitPro/libogc/lib/wii/libogc.a(conf.o)
                0x0000000080010118                CONF_GetDisplayOffsetH
 .text.CONF_GetVideo
                0x0000000080010164       0x94 /home/vwii/devkitPro/libogc/lib/wii/libogc.a(conf.o)
                0x0000000080010164                CONF_GetVideo
 .text.__CalcChecksum
                0x00000000800101f8       0x30 /home/vwii/devkitPro/libogc/lib/wii/libogc.a(wiilaunch.o)
 .text.__WII_WriteStateFlags
                0x0000000080010228       0x84 /home/vwii/devkitPro/libogc/lib/wii/libogc.a(wiilaunch.o)
 .text.__WII_WriteNANDBootInfo
                0x00000000800102ac       0x84 /home/vwii/devkitPro/libogc/lib/wii/libogc.a(wiilaunch.o)
 .text.WII_Initialize
                0x0000000080010330       0xf4 /home/vwii/devkitPro/libogc/lib/wii/libogc.a(wiilaunch.o)
                0x0000000080010330                WII_Initialize
 .text.WII_LaunchTitle
                0x0000000080010424      0x134 /home/vwii/devkitPro/libogc/lib/wii/libogc.a(wiilaunch.o)
                0x0000000080010424                WII_LaunchTitle
 .text.WII_ReturnToMenu
                0x0000000080010558       0x64 /home/vwii/devkitPro/libogc/lib/wii/libogc.a(wiilaunch.o)
                0x0000000080010558                WII_ReturnToMenu
 .text.__lwp_priority_init
                0x00000000800105bc       0x24 /home/vwii/devkitPro/libogc/lib/wii/libogc.a(lwp_priority.o)
                0x00000000800105bc                __lwp_priority_init
 .text.__lwp_wd_remove_ticks
                0x00000000800105e0       0x2c /home/vwii/devkitPro/libogc/lib/wii/libogc.a(lwp_threadq.o)
 .text.__lwp_thread_unblock
                0x000000008001060c       0x28 /home/vwii/devkitPro/libogc/lib/wii/libogc.a(lwp_threadq.o)
 .text.__lwp_threadqueue_enqueuefifo
                0x0000000080010634       0xf8 /home/vwii/devkitPro/libogc/lib/wii/libogc.a(lwp_threadq.o)
                0x0000000080010634                __lwp_threadqueue_enqueuefifo
 .text.__lwp_threadqueue_dequeuefifo
                0x000000008001072c      0x114 /home/vwii/devkitPro/libogc/lib/wii/libogc.a(lwp_threadq.o)
                0x000000008001072c                __lwp_threadqueue_dequeuefifo
 .text.__lwp_threadqueue_enqueuepriority
                0x0000000080010840      0x2a0 /home/vwii/devkitPro/libogc/lib/wii/libogc.a(lwp_threadq.o)
                0x0000000080010840                __lwp_threadqueue_enqueuepriority
 .text.__lwp_threadqueue_dequeuepriority
                0x0000000080010ae0      0x194 /home/vwii/devkitPro/libogc/lib/wii/libogc.a(lwp_threadq.o)
                0x0000000080010ae0                __lwp_threadqueue_dequeuepriority
 .text.__lwp_threadqueue_init
                0x0000000080010c74       0x8c /home/vwii/devkitPro/libogc/lib/wii/libogc.a(lwp_threadq.o)
                0x0000000080010c74                __lwp_threadqueue_init
 .text.__lwp_threadqueue_enqueue
                0x0000000080010d00      0x100 /home/vwii/devkitPro/libogc/lib/wii/libogc.a(lwp_threadq.o)
                0x0000000080010d00                __lwp_threadqueue_enqueue
 .text.__lwp_threadqueue_dequeue
                0x0000000080010e00       0x28 /home/vwii/devkitPro/libogc/lib/wii/libogc.a(lwp_threadq.o)
                0x0000000080010e00                __lwp_threadqueue_dequeue
 .text.__lwp_threadqueue_flush
                0x0000000080010e28       0x38 /home/vwii/devkitPro/libogc/lib/wii/libogc.a(lwp_threadq.o)
                0x0000000080010e28                __lwp_threadqueue_flush
 .text.__lwp_threadqueue_extractfifo
                0x0000000080010e60       0xd4 /home/vwii/devkitPro/libogc/lib/wii/libogc.a(lwp_threadq.o)
                0x0000000080010e60                __lwp_threadqueue_extractfifo
 .text.__lwp_threadqueue_extractpriority
                0x0000000080010f34      0x12c /home/vwii/devkitPro/libogc/lib/wii/libogc.a(lwp_threadq.o)
                0x0000000080010f34                __lwp_threadqueue_extractpriority
 .text.__lwp_threadqueue_extract
                0x0000000080011060       0x20 /home/vwii/devkitPro/libogc/lib/wii/libogc.a(lwp_threadq.o)
                0x0000000080011060                __lwp_threadqueue_extract
 .text.__lwp_threadqueue_timeout
                0x0000000080011080       0x74 /home/vwii/devkitPro/libogc/lib/wii/libogc.a(lwp_threadq.o)
 .text.__lwp_threadqueue_extractproxy
                0x00000000800110f4       0x3c /home/vwii/devkitPro/libogc/lib/wii/libogc.a(lwp_threadq.o)
                0x00000000800110f4                __lwp_threadqueue_extractproxy
 .text.__lwp_priomap_addto
                0x0000000080011130       0x28 /home/vwii/devkitPro/libogc/lib/wii/libogc.a(lwp_threads.o)
 .text.__lwp_thread_calcheir
                0x0000000080011158       0x3c /home/vwii/devkitPro/libogc/lib/wii/libogc.a(lwp_threads.o)
 .text.__lwp_thread_dispatchunnest
                0x0000000080011194       0x10 /home/vwii/devkitPro/libogc/lib/wii/libogc.a(lwp_threads.o)
 .text.__lwp_priomap_removefrom
                0x00000000800111a4       0x38 /home/vwii/devkitPro/libogc/lib/wii/libogc.a(lwp_threads.o)
 .text.__lwp_wd_insert_ticks.constprop.4
                0x00000000800111dc       0x60 /home/vwii/devkitPro/libogc/lib/wii/libogc.a(lwp_threads.o)
 .text.__lwp_isr_in_progress
                0x000000008001123c        0x8 /home/vwii/devkitPro/libogc/lib/wii/libogc.a(lwp_threads.o)
                0x000000008001123c                __lwp_isr_in_progress
 .text.__thread_dispatch_fp
                0x0000000080011244       0x7c /home/vwii/devkitPro/libogc/lib/wii/libogc.a(lwp_threads.o)
                0x0000000080011244                __thread_dispatch_fp
 .text.__thread_dispatch
                0x00000000800112c0       0xe0 /home/vwii/devkitPro/libogc/lib/wii/libogc.a(lwp_threads.o)
                0x00000000800112c0                __thread_dispatch
 .text.__lwp_thread_dispatchenable
                0x00000000800113a0       0x18 /home/vwii/devkitPro/libogc/lib/wii/libogc.a(lwp_threads.o)
 .text.__lwp_thread_resettimeslice
                0x00000000800113b8       0xcc /home/vwii/devkitPro/libogc/lib/wii/libogc.a(lwp_threads.o)
                0x00000000800113b8                __lwp_thread_resettimeslice
 .text.__lwp_thread_tickle_timeslice
                0x0000000080011484       0x80 /home/vwii/devkitPro/libogc/lib/wii/libogc.a(lwp_threads.o)
                0x0000000080011484                __lwp_thread_tickle_timeslice
 .text.__lwp_thread_setstate
                0x0000000080011504       0xf8 /home/vwii/devkitPro/libogc/lib/wii/libogc.a(lwp_threads.o)
                0x0000000080011504                __lwp_thread_setstate
 .text.__lwp_thread_clearstate
                0x00000000800115fc       0xe8 /home/vwii/devkitPro/libogc/lib/wii/libogc.a(lwp_threads.o)
                0x00000000800115fc                __lwp_thread_clearstate
 .text.__lwp_thread_setpriority
                0x00000000800116e4       0x5c /home/vwii/devkitPro/libogc/lib/wii/libogc.a(lwp_threads.o)
                0x00000000800116e4                __lwp_thread_setpriority
 .text.__lwp_thread_settransient
                0x0000000080011740       0xa8 /home/vwii/devkitPro/libogc/lib/wii/libogc.a(lwp_threads.o)
                0x0000000080011740                __lwp_thread_settransient
 .text.__lwp_thread_changepriority
                0x00000000800117e8      0x118 /home/vwii/devkitPro/libogc/lib/wii/libogc.a(lwp_threads.o)
                0x00000000800117e8                __lwp_thread_changepriority
 .text.__lwp_thread_loadenv
                0x0000000080011900       0x78 /home/vwii/devkitPro/libogc/lib/wii/libogc.a(lwp_threads.o)
                0x0000000080011900                __lwp_thread_loadenv
 .text.__lwp_thread_ready
                0x0000000080011978       0xc0 /home/vwii/devkitPro/libogc/lib/wii/libogc.a(lwp_threads.o)
                0x0000000080011978                __lwp_thread_ready
 .text.__lwp_thread_init
                0x0000000080011a38       0xf8 /home/vwii/devkitPro/libogc/lib/wii/libogc.a(lwp_threads.o)
                0x0000000080011a38                __lwp_thread_init
 .text.__lwp_thread_close
                0x0000000080011b30      0x108 /home/vwii/devkitPro/libogc/lib/wii/libogc.a(lwp_threads.o)
                0x0000000080011b30                __lwp_thread_close
 .text.__lwp_thread_closeall
                0x0000000080011c38       0x9c /home/vwii/devkitPro/libogc/lib/wii/libogc.a(lwp_threads.o)
                0x0000000080011c38                __lwp_thread_closeall
 .text.__lwp_thread_exit
                0x0000000080011cd4       0x38 /home/vwii/devkitPro/libogc/lib/wii/libogc.a(lwp_threads.o)
                0x0000000080011cd4                __lwp_thread_exit
 .text.__lwp_thread_handler
                0x0000000080011d0c       0x68 /home/vwii/devkitPro/libogc/lib/wii/libogc.a(lwp_threads.o)
 .text.__lwp_thread_start
                0x0000000080011d74       0x58 /home/vwii/devkitPro/libogc/lib/wii/libogc.a(lwp_threads.o)
                0x0000000080011d74                __lwp_thread_start
 .text.__lwp_thread_startmultitasking
                0x0000000080011dcc       0x64 /home/vwii/devkitPro/libogc/lib/wii/libogc.a(lwp_threads.o)
                0x0000000080011dcc                __lwp_thread_startmultitasking
 .text.__lwp_thread_stopmultitasking
                0x0000000080011e30       0x5c /home/vwii/devkitPro/libogc/lib/wii/libogc.a(lwp_threads.o)
                0x0000000080011e30                __lwp_thread_stopmultitasking
 .text.__lwp_thread_coreinit
                0x0000000080011e8c       0xd8 /home/vwii/devkitPro/libogc/lib/wii/libogc.a(lwp_threads.o)
                0x0000000080011e8c                __lwp_thread_coreinit
 .text.__lwp_objmgr_open
                0x0000000080011f64       0x20 /home/vwii/devkitPro/libogc/lib/wii/libogc.a(lwp.o)
 .text.__lwp_thread_dispatchdisable
                0x0000000080011f84       0x10 /home/vwii/devkitPro/libogc/lib/wii/libogc.a(lwp.o)
 .text.idle_func
                0x0000000080011f94        0x4 /home/vwii/devkitPro/libogc/lib/wii/libogc.a(lwp.o)
 .text.__lwp_thread_dispatchenable
                0x0000000080011f98       0x34 /home/vwii/devkitPro/libogc/lib/wii/libogc.a(lwp.o)
 .text.__lwp_tqueue_open
                0x0000000080011fcc       0x48 /home/vwii/devkitPro/libogc/lib/wii/libogc.a(lwp.o)
 .text.__lwp_sysinit
                0x0000000080012014       0xec /home/vwii/devkitPro/libogc/lib/wii/libogc.a(lwp.o)
                0x0000000080012014                __lwp_sysinit
 .text.LWP_InitQueue
                0x0000000080012100       0x84 /home/vwii/devkitPro/libogc/lib/wii/libogc.a(lwp.o)
                0x0000000080012100                LWP_InitQueue
 .text.LWP_CloseQueue
                0x0000000080012184       0x68 /home/vwii/devkitPro/libogc/lib/wii/libogc.a(lwp.o)
                0x0000000080012184                LWP_CloseQueue
 .text.LWP_ThreadSleep
                0x00000000800121ec       0xa0 /home/vwii/devkitPro/libogc/lib/wii/libogc.a(lwp.o)
                0x00000000800121ec                LWP_ThreadSleep
 .text.LWP_ThreadBroadcast
                0x000000008001228c       0x50 /home/vwii/devkitPro/libogc/lib/wii/libogc.a(lwp.o)
                0x000000008001228c                LWP_ThreadBroadcast
 .text.LWP_ThreadSignal
                0x00000000800122dc       0x40 /home/vwii/devkitPro/libogc/lib/wii/libogc.a(lwp.o)
                0x00000000800122dc                LWP_ThreadSignal
 .text.__lwp_stack_allocate
                0x000000008001231c       0x50 /home/vwii/devkitPro/libogc/lib/wii/libogc.a(lwp_stack.o)
                0x000000008001231c                __lwp_stack_allocate
 .text.__lwp_stack_free
                0x000000008001236c       0x3c /home/vwii/devkitPro/libogc/lib/wii/libogc.a(lwp_stack.o)
                0x000000008001236c                __lwp_stack_free
 .text.__lwp_mutex_initialize
                0x00000000800123a8       0x98 /home/vwii/devkitPro/libogc/lib/wii/libogc.a(lwp_mutex.o)
                0x00000000800123a8                __lwp_mutex_initialize
 .text.__lwp_mutex_surrender
                0x0000000080012440      0x128 /home/vwii/devkitPro/libogc/lib/wii/libogc.a(lwp_mutex.o)
                0x0000000080012440                __lwp_mutex_surrender
 .text.__lwp_mutex_seize_irq_blocking
                0x0000000080012568       0xbc /home/vwii/devkitPro/libogc/lib/wii/libogc.a(lwp_mutex.o)
                0x0000000080012568                __lwp_mutex_seize_irq_blocking
 .text.__lwp_mutex_flush
                0x0000000080012624       0x20 /home/vwii/devkitPro/libogc/lib/wii/libogc.a(lwp_mutex.o)
                0x0000000080012624                __lwp_mutex_flush
 .text.__lwp_wd_settimer.isra.3
                0x0000000080012644       0xb4 /home/vwii/devkitPro/libogc/lib/wii/libogc.a(lwp_watchdog.o)
 .text.__lwp_watchdog_init
                0x00000000800126f8       0x2c /home/vwii/devkitPro/libogc/lib/wii/libogc.a(lwp_watchdog.o)
                0x00000000800126f8                __lwp_watchdog_init
 .text.__lwp_wd_insert
                0x0000000080012724      0x150 /home/vwii/devkitPro/libogc/lib/wii/libogc.a(lwp_watchdog.o)
                0x0000000080012724                __lwp_wd_insert
 .text.__lwp_wd_remove
                0x0000000080012874       0xd0 /home/vwii/devkitPro/libogc/lib/wii/libogc.a(lwp_watchdog.o)
                0x0000000080012874                __lwp_wd_remove
 .text.__lwp_wd_tickle
                0x0000000080012944       0xfc /home/vwii/devkitPro/libogc/lib/wii/libogc.a(lwp_watchdog.o)
                0x0000000080012944                __lwp_wd_tickle
 .text.__lwp_wkspace_init
                0x0000000080012a40       0xa0 /home/vwii/devkitPro/libogc/lib/wii/libogc.a(lwp_wkspace.o)
                0x0000000080012a40                __lwp_wkspace_init
 .text.__lwp_objmgr_initinfo
                0x0000000080012ae0      0x148 /home/vwii/devkitPro/libogc/lib/wii/libogc.a(lwp_objmgr.o)
                0x0000000080012ae0                __lwp_objmgr_initinfo
 .text.__lwp_objmgr_getisrdisable
                0x0000000080012c28       0x68 /home/vwii/devkitPro/libogc/lib/wii/libogc.a(lwp_objmgr.o)
                0x0000000080012c28                __lwp_objmgr_getisrdisable
 .text.__lwp_objmgr_getnoprotection
                0x0000000080012c90       0x24 /home/vwii/devkitPro/libogc/lib/wii/libogc.a(lwp_objmgr.o)
                0x0000000080012c90                __lwp_objmgr_getnoprotection
 .text.__lwp_objmgr_get
                0x0000000080012cb4       0x68 /home/vwii/devkitPro/libogc/lib/wii/libogc.a(lwp_objmgr.o)
                0x0000000080012cb4                __lwp_objmgr_get
 .text.__lwp_objmgr_allocate
                0x0000000080012d1c       0x78 /home/vwii/devkitPro/libogc/lib/wii/libogc.a(lwp_objmgr.o)
                0x0000000080012d1c                __lwp_objmgr_allocate
 .text.__lwp_objmgr_free
                0x0000000080012d94       0x60 /home/vwii/devkitPro/libogc/lib/wii/libogc.a(lwp_objmgr.o)
                0x0000000080012d94                __lwp_objmgr_free
 .text.__lwp_heap_init